 libcurl

 Timestamp is 51e1d3e0 (Sun Jul 14 00:25:36 2013)

 Preferred load address is 10000000

 Start         Length     Name                   Class
 0001:00000000 00088007H .text                   CODE
 0001:00088010 00000139H .text$x                 CODE
 0002:00000000 0000025cH .idata$5                DATA
 0002:0000025c 00000004H .CRT$XCA                DATA
 0002:00000260 00000004H .CRT$XCZ                DATA
 0002:00000264 00000004H .CRT$XIA                DATA
 0002:00000268 00000010H .CRT$XIC                DATA
 0002:00000278 00000004H .CRT$XIZ                DATA
 0002:0000027c 00000004H .CRT$XPA                DATA
 0002:00000280 00000008H .CRT$XPX                DATA
 0002:00000288 00000004H .CRT$XPXA               DATA
 0002:0000028c 00000004H .CRT$XPZ                DATA
 0002:00000290 00000004H .CRT$XTA                DATA
 0002:00000294 00000004H .CRT$XTZ                DATA
 0002:000002a0 0000f390H .rdata                  DATA
 0002:0000f630 0000004eH .rdata$debug            DATA
 0002:0000f680 000001c4H .rdata$r                DATA
 0002:0000f850 00000030H .rdata$sxdata           DATA
 0002:0000f880 00000004H .rtc$IAA                DATA
 0002:0000f884 000000c0H .rtc$IMZ                DATA
 0002:0000f944 00000004H .rtc$IZZ                DATA
 0002:0000f948 00000004H .rtc$TAA                DATA
 0002:0000f94c 000000c0H .rtc$TMZ                DATA
 0002:0000fa0c 00000004H .rtc$TZZ                DATA
 0002:0000fa10 00000fc0H .xdata$x                DATA
 0002:000109d0 0000003cH .idata$2                DATA
 0002:00010a0c 00000014H .idata$3                DATA
 0002:00010a20 0000025cH .idata$4                DATA
 0002:00010c7c 000008faH .idata$6                DATA
 0002:00011576 00000000H .edata                  DATA
 0003:00000000 00006dd0H .data                   DATA
 0003:00006de0 00001e64H .bss                    DATA

  Address         Publics by Value              Rva+Base       Lib:Object

 0000:00000000       __except_list              00000000     <absolute>
 0000:0000000c       ___safe_se_handler_count   0000000c     <absolute>
 0000:00000000       ___ImageBase               10000000     <linker-defined>
 0001:00000000       _Curl_file_connect         10001000 f   file.obj
 0001:000001d0       _Curl_file_done            100011d0 f   file.obj
 0001:00000220       _Curl_file                 10001220 f   file.obj
 0001:00000970       _curlx_tvnow               10001970 f   timeval.obj
 0001:00000a70       _curlx_tvdiff              10001a70 f   timeval.obj
 0001:00000aa0       _curlx_tvdiff_secs         10001aa0 f   timeval.obj
 0001:00000ae0       _Curl_tvlong               10001ae0 f   timeval.obj
 0001:00000af0       _Curl_base64_decode        10001af0 f   base64.obj
 0001:00000da0       _Curl_base64_encode        10001da0 f   base64.obj
 0001:00001000       _Curl_global_host_cache_init 10002000 f   hostip.obj
 0001:00001040       _Curl_global_host_cache_get 10002040 f   hostip.obj
 0001:00001050       _Curl_global_host_cache_dtor 10002050 f   hostip.obj
 0001:00001080       _Curl_num_addresses        10002080 f   hostip.obj
 0001:000010c0       _Curl_printable_address    100020c0 f   hostip.obj
 0001:00001130       _Curl_hostcache_prune      10002130 f   hostip.obj
 0001:00001310       _Curl_cache_addr           10002310 f   hostip.obj
 0001:000014c0       _Curl_resolv               100024c0 f   hostip.obj
 0001:00001840       _Curl_resolv_unlock        10002840 f   hostip.obj
 0001:000018e0       _Curl_mk_dnscache          100028e0 f   hostip.obj
 0001:00001900       _Curl_addrinfo_copy        10002900 f   hostip.obj
 0001:00001930       _Curl_freeaddrinfo         10002930 f   hostip.obj
 0001:00001980       _Curl_ip2addr              10002980 f   hostip.obj
 0001:00001a90       _Curl_pgrsDone             10002a90 f   progress.obj
 0001:00001ae0       _Curl_pgrsResetTimes       10002ae0 f   progress.obj
 0001:00001b20       _Curl_pgrsTime             10002b20 f   progress.obj
 0001:00001c70       _Curl_pgrsStartNow         10002c70 f   progress.obj
 0001:00001ca0       _Curl_pgrsSetDownloadCounter 10002ca0 f   progress.obj
 0001:00001cc0       _Curl_pgrsSetUploadCounter 10002cc0 f   progress.obj
 0001:00001ce0       _Curl_pgrsSetDownloadSize  10002ce0 f   progress.obj
 0001:00001d40       _Curl_pgrsSetUploadSize    10002d40 f   progress.obj
 0001:00001da0       _Curl_pgrsUpdate           10002da0 f   progress.obj
 0001:00002b80       _curl_formadd              10003b80 f   formdata.obj
 0001:000039e0       _Curl_formclean            100049e0 f   formdata.obj
 0001:00003a60       _curl_formget              10004a60 f   formdata.obj
 0001:00003c50       _curl_formfree             10004c50 f   formdata.obj
 0001:00003d60       _Curl_getFormData          10004d60 f   formdata.obj
 0001:00004890       _Curl_FormInit             10005890 f   formdata.obj
 0001:00004960       _Curl_FormReader           10005960 f   formdata.obj
 0001:00004ab0       _Curl_formpostheader       10005ab0 f   formdata.obj
 0001:00004b10       _Curl_FormBoundary         10005b10 f   formdata.obj
 0001:00004c10       _Curl_cookie_loadfiles     10005c10 f   cookie.obj
 0001:00004cc0       _Curl_cookie_add           10005cc0 f   cookie.obj
 0001:00005ee0       _Curl_cookie_init          10006ee0 f   cookie.obj
 0001:00006100       _Curl_cookie_getlist       10007100 f   cookie.obj
 0001:000062e0       _Curl_cookie_clearall      100072e0 f   cookie.obj
 0001:00006320       _Curl_cookie_freelist      10007320 f   cookie.obj
 0001:00006370       _Curl_cookie_clearsess     10007370 f   cookie.obj
 0001:00006450       _Curl_cookie_cleanup       10007450 f   cookie.obj
 0001:000064e0       _Curl_cookie_output        100074e0 f   cookie.obj
 0001:00006740       _Curl_cookie_list          10007740 f   cookie.obj
 0001:00006830       _Curl_http_auth_act        10007830 f   http.obj
 0001:00006d70       _Curl_http_input_auth      10007d70 f   http.obj
 0001:00006f40       _Curl_http_should_fail     10007f40 f   http.obj
 0001:00007050       _Curl_compareheader        10008050 f   http.obj
 0001:00007170       _Curl_proxyCONNECT         10008170 f   http.obj
 0001:00008680       _Curl_http_connect         10009680 f   http.obj
 0001:000087f0       _Curl_https_connecting     100097f0 f   http.obj
 0001:00008830       _Curl_http_done            10009830 f   http.obj
 0001:00008b10       _Curl_http                 10009b10 f   http.obj
 0001:0000a750       _curl_slist_append         1000b750 f   sendf.obj
 0001:0000a860       _curl_slist_free_all       1000b860 f   sendf.obj
 0001:0000a8e0       _Curl_infof                1000b8e0 f   sendf.obj
 0001:0000a9d0       _Curl_failf                1000b9d0 f   sendf.obj
 0001:0000aae0       _Curl_sendf                1000bae0 f   sendf.obj
 0001:0000ac40       _Curl_write                1000bc40 f   sendf.obj
 0001:0000adb0       _Curl_client_write         1000bdb0 f   sendf.obj
 0001:0000af10       _Curl_read                 1000bf10 f   sendf.obj
 0001:0000b1c0       _Curl_debug                1000c1c0 f   sendf.obj
 0001:0000b410       _Curl_GetFTPResponse       1000c410 f   ftp.obj
 0001:0000b940       _Curl_ftp_getsock          1000c940 f   ftp.obj
 0001:0000b990       _Curl_ftp_multi_statemach  1000c990 f   ftp.obj
 0001:0000f970       _Curl_ftp_connect          10010970 f   ftp.obj
 0001:0000fe50       _Curl_ftp_done             10010e50 f   ftp.obj
 0001:00010720       _Curl_ftp_nextconnect      10011720 f   ftp.obj
 0001:00010ac0       _Curl_ftp                  10011ac0 f   ftp.obj
 0001:00010b30       _Curl_nbftpsendf           10011b30 f   ftp.obj
 0001:00010da0       _Curl_ftpsendf             10011da0 f   ftp.obj
 0001:00010f50       _Curl_ftp_disconnect       10011f50 f   ftp.obj
 0001:00011610       _Curl_ftp_doing            10012610 f   ftp.obj
 0001:00011930       _Curl_safefree             10012930 f   url.obj
 0001:00011960       _Curl_close                10012960 f   url.obj
 0001:00011c20       _Curl_mk_connc             10012c20 f   url.obj
 0001:00011d10       _Curl_ch_connc             10012d10 f   url.obj
 0001:00011e50       _Curl_rm_connc             10012e50 f   url.obj
 0001:00011ee0       _Curl_open                 10012ee0 f   url.obj
 0001:000121a0       _Curl_setopt               100131a0 f   url.obj
 0001:00013ee0       _Curl_disconnect           10014ee0 f   url.obj
 0001:000140d0       _Curl_addHandleToPipeline  100150d0 f   url.obj
 0001:00014100       _Curl_removeHandleFromPipeline 10015100 f   url.obj
 0001:00014160       _Curl_isHandleAtHead       10015160 f   url.obj
 0001:00014360       _Curl_protocol_getsock     10015360 f   url.obj
 0001:000143b0       _Curl_doing_getsock        100153b0 f   url.obj
 0001:00014400       _Curl_protocol_connecting  10015400 f   url.obj
 0001:00014470       _Curl_protocol_doing       10015470 f   url.obj
 0001:000144e0       _Curl_protocol_connect     100154e0 f   url.obj
 0001:00014660       _Curl_connect              10015660 f   url.obj
 0001:000173f0       _Curl_async_resolved       100183f0 f   url.obj
 0001:00017440       _Curl_done                 10018440 f   url.obj
 0001:000176c0       _Curl_do                   100186c0 f   url.obj
 0001:00017890       _Curl_do_more              10018890 f   url.obj
 0001:000178e0       _Curl_dict                 100188e0 f   dict.obj
 0001:00017eb0       _Curl_if2ip                10018eb0 f   if2ip.obj
 0001:00017ec0       _Curl_speedinit            10018ec0 f   speedcheck.obj
 0001:00017ef0       _Curl_speedcheck           10018ef0 f   speedcheck.obj
 0001:00018060       _Curl_ldap                 10019060 f   ldap.obj
 0001:000192d0       _Curl_ossl_set_engine      1001a2d0 f   ssluse.obj
 0001:00019300       _Curl_ossl_engines_list    1001a300 f   ssluse.obj
 0001:00019320       _curl_version              1001a320 f   version.obj
 0001:000193c0       _curl_version_info         1001a3c0 f   version.obj
 0001:000193d0       _curl_getenv               1001a3d0 f   getenv.obj
 0001:000194f0       _curl_escape               1001a4f0 f   escape.obj
 0001:00019510       _curl_unescape             1001a510 f   escape.obj
 0001:00019530       _curl_easy_escape          1001a530 f   escape.obj
 0001:000196f0       _curl_easy_unescape        1001a6f0 f   escape.obj
 0001:00019880       _curl_free                 1001a880 f   escape.obj
 0001:000198b0       _curl_mvsnprintf           1001a8b0 f   mprintf.obj
 0001:0001b7c0       _curl_msnprintf            1001c7c0 f   mprintf.obj
 0001:0001b810       _curl_maprintf             1001c810 f   mprintf.obj
 0001:0001ba20       _curl_mvaprintf            1001ca20 f   mprintf.obj
 0001:0001bb10       _curl_msprintf             1001cb10 f   mprintf.obj
 0001:0001bbb0       _curl_mprintf              1001cbb0 f   mprintf.obj
 0001:0001bc10       _curl_mfprintf             1001cc10 f   mprintf.obj
 0001:0001bc60       _curl_mvsprintf            1001cc60 f   mprintf.obj
 0001:0001bca0       _curl_mvprintf             1001cca0 f   mprintf.obj
 0001:0001bcd0       _curl_mvfprintf            1001ccd0 f   mprintf.obj
 0001:0001bd00       _Curl_telnet_done          1001cd00 f   telnet.obj
 0001:0001bd70       _Curl_telnet               1001cd70 f   telnet.obj
 0001:0001e4f0       _Curl_parsenetrc           1001f4f0 f   netrc.obj
 0001:0001e880       _Curl_initinfo             1001f880 f   getinfo.obj
 0001:0001e960       _Curl_getinfo              1001f960 f   getinfo.obj
 0001:0001ef50       _Curl_fillreadbuffer       1001ff50 f   transfer.obj
 0001:0001f110       _Curl_readrewind           10020110 f   transfer.obj
 0001:0001f220       _Curl_readwrite            10020220 f   transfer.obj
 0001:000218e0       _Curl_readwrite_init       100228e0 f   transfer.obj
 0001:00021b70       _Curl_pre_readwrite        10022b70 f   transfer.obj
 0001:00021b90       _Curl_single_getsock       10022b90 f   transfer.obj
 0001:00021c80       _Curl_pretransfer          10022c80 f   transfer.obj
 0001:00021d80       _Curl_posttransfer         10022d80 f   transfer.obj
 0001:00021dd0       _Curl_follow               10022dd0 f   transfer.obj
 0001:00022500       _Curl_retry_request        10023500 f   transfer.obj
 0001:000225c0       _Curl_perform              100235c0 f   transfer.obj
 0001:00022ce0       _Curl_setup_transfer       10023ce0 f   transfer.obj
 0001:00022db0       _curl_strequal             10023db0 f   strequal.obj
 0001:00022de0       _curl_strnequal            10023de0 f   strequal.obj
 0001:00022e10       _Curl_strcasestr           10023e10 f   strequal.obj
 0001:00022eb0       _Curl_strlcat              10023eb0 f   strequal.obj
 0001:00022f90       _curl_global_init          10023f90 f   easy.obj
 0001:00023150       _curl_global_init_mem      10024150 f   easy.obj
 0001:000231f0       _curl_global_cleanup       100241f0 f   easy.obj
 0001:00023270       _curl_easy_init            10024270 f   easy.obj
 0001:00023310       _curl_easy_setopt          10024310 f   easy.obj
 0001:00023380       _curl_easy_perform         10024380 f   easy.obj
 0001:00023480       _curl_easy_cleanup         10024480 f   easy.obj
 0001:000234c0       _Curl_easy_addmulti        100244c0 f   easy.obj
 0001:000234d0       _Curl_easy_initHandleData  100244d0 f   easy.obj
 0001:00023510       _curl_easy_getinfo         10024510 f   easy.obj
 0001:00023570       _curl_easy_duphandle       10024570 f   easy.obj
 0001:00023890       _curl_easy_reset           10024890 f   easy.obj
 0001:00023a70       _curl_memdebug             10024a70 f   memdebug.obj
 0001:00023a80       _Curl_httpchunk_init       10024a80 f   http_chunks.obj
 0001:00023ac0       _Curl_httpchunk_read       10024ac0 f   http_chunks.obj
 0001:00024100       _Curl_strtok_r             10025100 f   strtok.obj
 0001:000241d0       _Curl_nonblock             100251d0 f   connect.obj
 0001:00024250       _Curl_store_ip_addr        10025250 f   connect.obj
 0001:00024340       _Curl_is_connected         10025340 f   connect.obj
 0001:00025230       _Curl_connecthost          10026230 f   connect.obj
 0001:000254d0       _Curl_llist_init           100264d0 f   llist.obj
 0001:00025500       _Curl_llist_alloc          10026500 f   llist.obj
 0001:00025550       _Curl_llist_insert_next    10026550 f   llist.obj
 0001:00025620       _Curl_llist_remove         10026620 f   llist.obj
 0001:00025700       _Curl_llist_destroy        10026700 f   llist.obj
 0001:00025750       _Curl_llist_count          10026750 f   llist.obj
 0001:00025760       _Curl_hash_init            10026760 f   hash.obj
 0001:00025900       _Curl_hash_alloc           10026900 f   hash.obj
 0001:00025970       _Curl_hash_add             10026970 f   hash.obj
 0001:00025c00       _Curl_hash_delete          10026c00 f   hash.obj
 0001:00025cb0       _Curl_hash_pick            10026cb0 f   hash.obj
 0001:00025d50       _Curl_hash_clean           10026d50 f   hash.obj
 0001:00025dc0       _Curl_hash_clean_with_criterium 10026dc0 f   hash.obj
 0001:00025e90       _Curl_hash_destroy         10026e90 f   hash.obj
 0001:00025ed0       _curl_multi_init           10026ed0 f   multi.obj
 0001:00026060       _curl_multi_add_handle     10027060 f   multi.obj
 0001:00026380       _curl_multi_remove_handle  10027380 f   multi.obj
 0001:00026640       _Curl_multi_canPipeline    10027640 f   multi.obj
 0001:00026650       _Curl_multi_handlePipeBreak 10027650 f   multi.obj
 0001:00026680       _curl_multi_fdset          10027680 f   multi.obj
 0001:00026a30       _curl_multi_perform        10027a30 f   multi.obj
 0001:00027c40       _Curl_multi_rmeasy         10028c40 f   multi.obj
 0001:00027c60       _curl_multi_cleanup        10028c60 f   multi.obj
 0001:00027e90       _curl_multi_info_read      10028e90 f   multi.obj
 0001:00028320       _curl_multi_setopt         10029320 f   multi.obj
 0001:00028440       _curl_multi_socket         10029440 f   multi.obj
 0001:00028690       _curl_multi_socket_all     10029690 f   multi.obj
 0001:000286e0       _curl_multi_timeout        100296e0 f   multi.obj
 0001:000288f0       _Curl_expire               100298f0 f   multi.obj
 0001:00028af0       _curl_multi_assign         10029af0 f   multi.obj
 0001:00028d50       _curl_share_init           10029d50 f   share.obj
 0001:00028db0       _curl_share_setopt         10029db0 f   share.obj
 0001:00028ff0       _curl_share_cleanup        10029ff0 f   share.obj
 0001:00029100       _Curl_share_lock           1002a100 f   share.obj
 0001:00029180       _Curl_share_unlock         1002a180 f   share.obj
 0001:000291f0       _Curl_input_digest         1002a1f0 f   http_digest.obj
 0001:00029780       _Curl_output_digest        1002a780 f   http_digest.obj
 0001:00029f60       _Curl_digest_cleanup_one   1002af60 f   http_digest.obj
 0001:0002a090       _Curl_digest_cleanup       1002b090 f   http_digest.obj
 0001:0002a0c0       _Curl_md5it                1002b0c0 f   md5.obj
 0001:0002b3a0       _Curl_inet_pton            1002c3a0 f   inet_pton.obj
 0001:0002b560       _curl_easy_strerror        1002c560 f   strerror.obj
 0001:0002b990       _curl_multi_strerror       1002c990 f   strerror.obj
 0001:0002ba20       _curl_share_strerror       1002ca20 f   strerror.obj
 0001:0002ba90       _Curl_strerror             1002ca90 f   strerror.obj
 0001:0002bfe0       _Curl_addrinfo4_callback   1002cfe0 f   hostasyn.obj
 0001:0002c110       _Curl_ipvalid              1002d110 f   hostip4.obj
 0001:0002c130       _Curl_he2ai                1002d130 f   hostip4.obj
 0001:0002c260       _Curl_destroy_thread_data  1002d260 f   hostthre.obj
 0001:0002c430       _Curl_wait_for_resolv      1002d430 f   hostthre.obj
 0001:0002c750       _Curl_is_resolved          1002d750 f   hostthre.obj
 0001:0002c7b0       _Curl_resolv_getsock       1002d7b0 f   hostthre.obj
 0001:0002c800       _Curl_getaddrinfo          1002d800 f   hostthre.obj
 0001:0002d0f0       _Curl_inet_ntop            1002e0f0 f   inet_ntop.obj
 0001:0002d1c0       _curl_getdate              1002e1c0 f   parsedate.obj
 0001:0002dab0       _Curl_socket_ready         1002eab0 f   select.obj
 0001:0002dd50       _Curl_poll                 1002ed50 f   select.obj
 0001:0002deb0       _Curl_select               1002eeb0 f   select.obj
 0001:0002e700       _Curl_ssl_config_matches   1002f700 f   sslgen.obj
 0001:0002e840       _Curl_clone_ssl_config     1002f840 f   sslgen.obj
 0001:0002e990       _Curl_free_ssl_config      1002f990 f   sslgen.obj
 0001:0002ea50       _Curl_ssl_init             1002fa50 f   sslgen.obj
 0001:0002ea80       _Curl_ssl_cleanup          1002fa80 f   sslgen.obj
 0001:0002eaa0       _Curl_ssl_connect          1002faa0 f   sslgen.obj
 0001:0002eab0       _Curl_ssl_connect_nonblocking 1002fab0 f   sslgen.obj
 0001:0002eae0       _Curl_ssl_close_all        1002fae0 f   sslgen.obj
 0001:0002eaf0       _Curl_ssl_close            1002faf0 f   sslgen.obj
 0001:0002eb00       _Curl_ssl_shutdown         1002fb00 f   sslgen.obj
 0001:0002eb10       _Curl_ssl_set_engine       1002fb10 f   sslgen.obj
 0001:0002eb20       _Curl_ssl_set_engine_default 1002fb20 f   sslgen.obj
 0001:0002eb30       _Curl_ssl_engines_list     1002fb30 f   sslgen.obj
 0001:0002eb40       _Curl_ssl_send             1002fb40 f   sslgen.obj
 0001:0002eb50       _Curl_ssl_recv             1002fb50 f   sslgen.obj
 0001:0002eb60       _Curl_ssl_initsessions     1002fb60 f   sslgen.obj
 0001:0002eb70       _Curl_ssl_version          1002fb70 f   sslgen.obj
 0001:0002eb80       _Curl_ssl_check_cxn        1002fb80 f   sslgen.obj
 0001:0002eb90       _Curl_ssl_data_pending     1002fb90 f   sslgen.obj
 0001:0002eba0       _tftp_set_timeouts         1002fba0 f   tftp.obj
 0001:0002edd0       _Curl_tftp_connect         1002fdd0 f   tftp.obj
 0001:0002ef20       _Curl_tftp_done            1002ff20 f   tftp.obj
 0001:0002ef40       _Curl_tftp                 1002ff40 f   tftp.obj
 0001:0002ff30       _Curl_splay                10030f30 f   splay.obj
 0001:000300b0       _Curl_splayinsert          100310b0 f   splay.obj
 0001:000301b0       _Curl_splaygetbest         100311b0 f   splay.obj
 0001:000302d0       _Curl_splayremovebyaddr    100312d0 f   splay.obj
 0001:000303f0       _Curl_SOCKS4               100313f0 f   socks.obj
 0001:00030b90       _Curl_SOCKS5               10031b90 f   socks.obj
 0001:00031588       _closesocket@4             10032588 f   ws2_32:WS2_32.dll
 0001:0003158e       _WSAGetLastError@0         1003258e f   ws2_32:WS2_32.dll
 0001:00031594       _send@16                   10032594 f   ws2_32:WS2_32.dll
 0001:0003159a       _recv@16                   1003259a f   ws2_32:WS2_32.dll
 0001:000315a0       _listen@8                  100325a0 f   ws2_32:WS2_32.dll
 0001:000315a6       _ntohs@4                   100325a6 f   ws2_32:WS2_32.dll
 0001:000315ac       _bind@12                   100325ac f   ws2_32:WS2_32.dll
 0001:000315b2       _socket@12                 100325b2 f   ws2_32:WS2_32.dll
 0001:000315b8       _getsockname@12            100325b8 f   ws2_32:WS2_32.dll
 0001:000315be       _inet_addr@4               100325be f   ws2_32:WS2_32.dll
 0001:000315c4       _accept@12                 100325c4 f   ws2_32:WS2_32.dll
 0001:000315ca       _WSACleanup@0              100325ca f   ws2_32:WS2_32.dll
 0001:000315d0       _WSAStartup@8              100325d0 f   ws2_32:WS2_32.dll
 0001:000315d6       _ioctlsocket@12            100325d6 f   ws2_32:WS2_32.dll
 0001:000315dc       _getsockopt@20             100325dc f   ws2_32:WS2_32.dll
 0001:000315e2       _connect@12                100325e2 f   ws2_32:WS2_32.dll
 0001:000315e8       _htons@4                   100325e8 f   ws2_32:WS2_32.dll
 0001:000315ee       _setsockopt@20             100325ee f   ws2_32:WS2_32.dll
 0001:000315f4       _getprotobyname@4          100325f4 f   ws2_32:WS2_32.dll
 0001:000315fa       _WSASetLastError@4         100325fa f   ws2_32:WS2_32.dll
 0001:00031600       _gethostbyname@4           10032600 f   ws2_32:WS2_32.dll
 0001:00031606       _inet_ntoa@4               10032606 f   ws2_32:WS2_32.dll
 0001:0003160c       _WSAPoll@12                1003260c f   ws2_32:WS2_32.dll
 0001:00031612       ___WSAFDIsSet@8            10032612 f   ws2_32:WS2_32.dll
 0001:00031618       _recvfrom@24               10032618 f   ws2_32:WS2_32.dll
 0001:0003161e       _sendto@24                 1003261e f   ws2_32:WS2_32.dll
 0001:00031624       _timeGetTime@0             10032624 f   winmm:WINMM.dll
 0001:0003162a       _LoadLibraryA@4            1003262a f   kernel32:KERNEL32.dll
 0001:00031630       _FreeLibrary@4             10032630 f   kernel32:KERNEL32.dll
 0001:00031636       _GetProcAddress@8          10032636 f   kernel32:KERNEL32.dll
 0001:0003163c       _ExpandEnvironmentStringsA@12 1003263c f   kernel32:KERNEL32.dll
 0001:00031642       _ReadFile@20               10032642 f   kernel32:KERNEL32.dll
 0001:00031648       _PeekNamedPipe@24          10032648 f   kernel32:KERNEL32.dll
 0001:0003164e       _WaitForMultipleObjects@16 1003264e f   kernel32:KERNEL32.dll
 0001:00031654       _GetFileType@4             10032654 f   kernel32:KERNEL32.dll
 0001:0003165a       _GetStdHandle@4            1003265a f   kernel32:KERNEL32.dll
 0001:00031660       _GetLastError@0            10032660 f   kernel32:KERNEL32.dll
 0001:00031666       _SleepEx@8                 10032666 f   kernel32:KERNEL32.dll
 0001:0003166c       _SetLastError@4            1003266c f   kernel32:KERNEL32.dll
 0001:00031672       _FormatMessageA@28         10032672 f   kernel32:KERNEL32.dll
 0001:00031678       _CloseHandle@4             10032678 f   kernel32:KERNEL32.dll
 0001:0003167e       _ReleaseMutex@4            1003267e f   kernel32:KERNEL32.dll
 0001:00031684       _SetEvent@4                10032684 f   kernel32:KERNEL32.dll
 0001:0003168a       _WaitForSingleObject@8     1003268a f   kernel32:KERNEL32.dll
 0001:00031690       _GetExitCodeThread@8       10032690 f   kernel32:KERNEL32.dll
 0001:00031696       _TerminateThread@8         10032696 f   kernel32:KERNEL32.dll
 0001:0003169c       _GetTickCount@0            1003269c f   kernel32:KERNEL32.dll
 0001:000316a2       _CreateEventA@16           100326a2 f   kernel32:KERNEL32.dll
 0001:000316a8       _CreateMutexA@12           100326a8 f   kernel32:KERNEL32.dll
 0001:000316ae       _DuplicateHandle@28        100326ae f   kernel32:KERNEL32.dll
 0001:000316b4       _GetCurrentProcess@0       100326b4 f   kernel32:KERNEL32.dll
 0001:000316ba       _Sleep@4                   100326ba f   kernel32:KERNEL32.dll
 0001:000316c0       __RTC_CheckEsp             100326c0 f   LIBCMTD:_stack_.obj
 0001:000316f0       @_RTC_CheckStackVars@8     100326f0 f   LIBCMTD:_stack_.obj
 0001:00031750       @_RTC_AllocaHelper@12      10032750 f   LIBCMTD:_stack_.obj
 0001:00031790       @_RTC_CheckStackVars2@12   10032790 f   LIBCMTD:_stack_.obj
 0001:00031870       __RTC_InitBase             10032870 f   LIBCMTD:_init_.obj
 0001:000318a0       __RTC_Shutdown             100328a0 f   LIBCMTD:_init_.obj
 0001:000318c0       __lseeki64                 100328c0 f   LIBCMTD:lseeki64.obj
 0001:00031b10       __lseeki64_nolock          10032b10 f   LIBCMTD:lseeki64.obj
 0001:00031c00       __fstat64                  10032c00 f   LIBCMTD:fstat64.obj
 0001:00032280       __gmtime64_s               10033280 f   LIBCMTD:gmtime64.obj
 0001:00032680       __gmtime64                 10033680 f   LIBCMTD:gmtime64.obj
 0001:000326c0       _fclose                    100336c0 f   LIBCMTD:fclose.obj
 0001:000327d0       __fclose_nolock            100337d0 f   LIBCMTD:fclose.obj
 0001:000328d0       _fwrite                    100338d0 f   LIBCMTD:fwrite.obj
 0001:000329e0       __fwrite_nolock            100339e0 f   LIBCMTD:fwrite.obj
 0001:00032db0       __fsopen                   10033db0 f   LIBCMTD:fopen.obj
 0001:00032fc0       _fopen                     10033fc0 f   LIBCMTD:fopen.obj
 0001:00032fe0       _fopen_s                   10033fe0 f   LIBCMTD:fopen.obj
 0001:00033090       _strchr                    10034090 f   LIBCMTD:strchr.obj
 0001:00033096       ___from_strstr_to_strchr   10034096     LIBCMTD:strchr.obj
 0001:00033150       __fpmath                   10034150 f   LIBCMTD:_fpinit_.obj
 0001:00033180       __fpclear                  10034180 f   LIBCMTD:_fpinit_.obj
 0001:00033190       __cfltcvt_init             10034190 f   LIBCMTD:_fpinit_.obj
 0001:00033200       ___setfflag                10034200 f   LIBCMTD:_fpinit_.obj
 0001:00033220       _strlen                    10034220 f   LIBCMTD:strlen.obj
 0001:000332b0       __time64                   100342b0 f   LIBCMTD:time64.obj
 0001:00033330       @__security_check_cookie@4 10034330 f   LIBCMTD:secchk.obj
 0001:00033340       _fflush                    10034340 f   LIBCMTD:fflush.obj
 0001:000333e0       __fflush_nolock            100343e0 f   LIBCMTD:fflush.obj
 0001:00033440       __flush                    10034440 f   LIBCMTD:fflush.obj
 0001:00033500       __flushall                 10034500 f   LIBCMTD:fflush.obj
 0001:000336d0       __alldiv                   100346d0 f   LIBCMTD:lldiv.obj
 0001:00033780       __allmul                   10034780 f   LIBCMTD:llmul.obj
 0001:000337c0       __ftol2_sse                100347c0 f   LIBCMTD:ftol2.obj
 0001:000337c9       __ftol2_pentium4           100347c9 f   LIBCMTD:ftol2.obj
 0001:000337dc       __ftol2_sse_excpt          100347dc f   LIBCMTD:ftol2.obj
 0001:000337f6       __ftol2                    100347f6 f   LIBCMTD:ftol2.obj
 0001:00033870       _strcpy                    10034870 f   LIBCMTD:strcat.obj
 0001:00033880       _strcat                    10034880 f   LIBCMTD:strcat.obj
 0001:00033970       __allrem                   10034970 f   LIBCMTD:llrem.obj
 0001:00033a30       _memset                    10034a30 f   LIBCMTD:memset.obj
 0001:00033ab0       _memcpy                    10034ab0 f   LIBCMTD:memcpy.obj
 0001:00033e20       __chkstk                   10034e20 f   LIBCMTD:chkstk.obj
 0001:00033e20       __alloca_probe             10034e20     LIBCMTD:chkstk.obj
 0001:00033e50       _fread_s                   10034e50 f   LIBCMTD:fread.obj
 0001:00033f80       __fread_nolock_s           10034f80 f   LIBCMTD:fread.obj
 0001:00034560       _fread                     10035560 f   LIBCMTD:fread.obj
 0001:00034590       __fread_nolock             10035590 f   LIBCMTD:fread.obj
 0001:000345c0       ___iob_func                100355c0 f   LIBCMTD:_file.obj
 0001:000345d0       ___initstdio               100355d0 f   LIBCMTD:_file.obj
 0001:00034720       ___endstdio                10035720 f   LIBCMTD:_file.obj
 0001:00034750       __lock_file                10035750 f   LIBCMTD:_file.obj
 0001:000347b0       __lock_file2               100357b0 f   LIBCMTD:_file.obj
 0001:000347f0       __unlock_file              100357f0 f   LIBCMTD:_file.obj
 0001:00034850       __unlock_file2             10035850 f   LIBCMTD:_file.obj
 0001:00034890       __stat64                   10035890 f   LIBCMTD:stat64.obj
 0001:00035010       _strrchr                   10036010 f   LIBCMTD:strrchr.obj
 0001:00035040       _srand                     10036040 f   LIBCMTD:rand.obj
 0001:00035060       _rand                      10036060 f   LIBCMTD:rand.obj
 0001:000350a0       __strtoi64                 100360a0 f   LIBCMTD:strtoq.obj
 0001:00035610       ??0_LocaleUpdate@@QAE@PAUlocaleinfo_struct@@@Z 10036610 f i LIBCMTD:strtoq.obj
 0001:000356f0       ??1_LocaleUpdate@@QAE@XZ   100366f0 f i LIBCMTD:strtoq.obj
 0001:00035720       ?GetLocaleT@_LocaleUpdate@@QAEPAUlocaleinfo_struct@@XZ 10036720 f i LIBCMTD:strtoq.obj
 0001:00035730       __strtoi64_l               10036730 f   LIBCMTD:strtoq.obj
 0001:00035760       __strtoui64                10036760 f   LIBCMTD:strtoq.obj
 0001:000357b0       __strtoui64_l              100367b0 f   LIBCMTD:strtoq.obj
 0001:000357e0       _strcmp                    100367e0 f   LIBCMTD:strcmp.obj
 0001:00035870       _atol                      10036870 f   LIBCMTD:atox.obj
 0001:00035890       __atol_l                   10036890 f   LIBCMTD:atox.obj
 0001:000358b0       _atoi                      100368b0 f   LIBCMTD:atox.obj
 0001:000358d0       __atoi_l                   100368d0 f   LIBCMTD:atox.obj
 0001:000358f0       __atoi64                   100368f0 f   LIBCMTD:atox.obj
 0001:00035910       __atoi64_l                 10036910 f   LIBCMTD:atox.obj
 0001:00035930       _sscanf                    10036930 f   LIBCMTD:sscanf.obj
 0001:00035aa0       __sscanf_l                 10036aa0 f   LIBCMTD:sscanf.obj
 0001:00035ad0       _sscanf_s                  10036ad0 f   LIBCMTD:sscanf.obj
 0001:00035b00       __sscanf_s_l               10036b00 f   LIBCMTD:sscanf.obj
 0001:00035b30       _fgets                     10036b30 f   LIBCMTD:fgets.obj
 0001:00035ec0       _strncmp                   10036ec0 f   LIBCMTD:strncmp.obj
 0001:00036040       _fputs                     10037040 f   LIBCMTD:fputs.obj
 0001:000362e0       __isalpha_l                100372e0 f i LIBCMTD:_ctype.obj
 0001:00036370       _isalpha                   10037370 f i LIBCMTD:_ctype.obj
 0001:000363b0       __isupper_l                100373b0 f i LIBCMTD:_ctype.obj
 0001:00036430       _isupper                   10037430 f i LIBCMTD:_ctype.obj
 0001:00036460       __islower_l                10037460 f i LIBCMTD:_ctype.obj
 0001:000364e0       _islower                   100374e0 f i LIBCMTD:_ctype.obj
 0001:00036510       __isdigit_l                10037510 f i LIBCMTD:_ctype.obj
 0001:00036590       _isdigit                   10037590 f i LIBCMTD:_ctype.obj
 0001:000365c0       __isxdigit_l               100375c0 f i LIBCMTD:_ctype.obj
 0001:00036650       _isxdigit                  10037650 f i LIBCMTD:_ctype.obj
 0001:00036690       __isspace_l                10037690 f i LIBCMTD:_ctype.obj
 0001:00036710       _isspace                   10037710 f i LIBCMTD:_ctype.obj
 0001:00036740       __ispunct_l                10037740 f i LIBCMTD:_ctype.obj
 0001:000367c0       _ispunct                   100377c0 f i LIBCMTD:_ctype.obj
 0001:000367f0       __isalnum_l                100377f0 f i LIBCMTD:_ctype.obj
 0001:00036880       _isalnum                   10037880 f i LIBCMTD:_ctype.obj
 0001:000368c0       __isprint_l                100378c0 f i LIBCMTD:_ctype.obj
 0001:00036950       _isprint                   10037950 f i LIBCMTD:_ctype.obj
 0001:00036990       __isgraph_l                10037990 f i LIBCMTD:_ctype.obj
 0001:00036a20       _isgraph                   10037a20 f i LIBCMTD:_ctype.obj
 0001:00036a60       __iscntrl_l                10037a60 f i LIBCMTD:_ctype.obj
 0001:00036ae0       _iscntrl                   10037ae0 f i LIBCMTD:_ctype.obj
 0001:00036b10       ___isascii                 10037b10 f i LIBCMTD:_ctype.obj
 0001:00036b30       ___toascii                 10037b30 f i LIBCMTD:_ctype.obj
 0001:00036b40       __iscsymf_l                10037b40 f i LIBCMTD:_ctype.obj
 0001:00036b80       ___iscsymf                 10037b80 f i LIBCMTD:_ctype.obj
 0001:00036bc0       __iscsym_l                 10037bc0 f i LIBCMTD:_ctype.obj
 0001:00036c00       ___iscsym                  10037c00 f i LIBCMTD:_ctype.obj
 0001:00036c40       _strstr                    10037c40 f   LIBCMTD:strstr.obj
 0001:00036cd0       _strtol                    10037cd0 f   LIBCMTD:strtol.obj
 0001:00037200       __strtol_l                 10038200 f   LIBCMTD:strtol.obj
 0001:00037230       _strtoul                   10038230 f   LIBCMTD:strtol.obj
 0001:00037280       __strtoul_l                10038280 f   LIBCMTD:strtol.obj
 0001:000372b0       __toupper                  100382b0 f   LIBCMTD:toupper.obj
 0001:000372c0       __toupper_l                100382c0 f   LIBCMTD:toupper.obj
 0001:000374a0       _toupper                   100384a0 f   LIBCMTD:toupper.obj
 0001:000374f0       __tolower                  100384f0 f   LIBCMTD:tolower.obj
 0001:00037500       __tolower_l                10038500 f   LIBCMTD:tolower.obj
 0001:000376e0       _tolower                   100386e0 f   LIBCMTD:tolower.obj
 0001:00037730       _memmove                   10038730 f   LIBCMTD:memmove.obj
 0001:00037aa0       _free                      10038aa0 f   LIBCMTD:dbgfree.obj
 0001:00037ac0       _malloc                    10038ac0 f   LIBCMTD:dbgmalloc.obj
 0001:00037af0       _getenv                    10038af0 f   LIBCMTD:getenv.obj
 0001:00037c40       __getenv_helper_nolock     10038c40 f   LIBCMTD:getenv.obj
 0001:00037d60       _getenv_s                  10038d60 f   LIBCMTD:getenv.obj
 0001:00037f90       __invoke_watson_if_error   10038f90 f i LIBCMTD:getenv.obj
 0001:00037fc0       __dupenv_s                 10038fc0 f   LIBCMTD:getenv.obj
 0001:00037ff0       __dupenv_s_dbg             10038ff0 f   LIBCMTD:getenv.obj
 0001:00038240       _sprintf                   10039240 f   LIBCMTD:sprintf.obj
 0001:000383c0       __sprintf_l                100393c0 f   LIBCMTD:sprintf.obj
 0001:000383f0       _sprintf_s                 100393f0 f   LIBCMTD:sprintf.obj
 0001:00038420       __sprintf_s_l              10039420 f   LIBCMTD:sprintf.obj
 0001:00038450       __snprintf_s               10039450 f   LIBCMTD:sprintf.obj
 0001:00038480       __snprintf_s_l             10039480 f   LIBCMTD:sprintf.obj
 0001:000384b0       __sprintf_p                100394b0 f   LIBCMTD:sprintf.obj
 0001:000384e0       __sprintf_p_l              100394e0 f   LIBCMTD:sprintf.obj
 0001:00038510       __scprintf                 10039510 f   LIBCMTD:sprintf.obj
 0001:00038530       __scprintf_p               10039530 f   LIBCMTD:sprintf.obj
 0001:00038550       __scprintf_l               10039550 f   LIBCMTD:sprintf.obj
 0001:00038580       __scprintf_p_l             10039580 f   LIBCMTD:sprintf.obj
 0001:000385b0       __aulldiv                  100395b0 f   LIBCMTD:ulldiv.obj
 0001:00038620       __aullrem                  10039620 f   LIBCMTD:ullrem.obj
 0001:000386a0       _fputc                     100396a0 f   LIBCMTD:fputc.obj
 0001:000388f0       _putc                      100398f0 f   LIBCMTD:fputc.obj
 0001:00038b40       _strncpy                   10039b40 f   LIBCMTD:strncpy.obj
 0001:00038c70       _fseek                     10039c70 f   LIBCMTD:fseek.obj
 0001:00038de0       __fseek_nolock             10039de0 f   LIBCMTD:fseek.obj
 0001:00038ec0       _memchr                    10039ec0 f   LIBCMTD:memchr.obj
 0001:00038f70       _calloc                    10039f70 f   LIBCMTD:dbgcalloc.obj
 0001:00038fa0       _realloc                   10039fa0 f   LIBCMTD:dbgrealloc.obj
 0001:00038fd0       _memcmp                    10039fd0 f   LIBCMTD:memcmp.obj
 0001:00039a40       _DebuggerKnownHandle       1003aa40 f   LIBCMTD:_error_.obj
 0001:00039b00       ?_RTC_Failure@@YAXPAXH@Z   1003ab00 f   LIBCMTD:_error_.obj
 0001:00039e10       ?_RTC_StackFailure@@YAXPAXPBD@Z 1003ae10 f   LIBCMTD:_error_.obj
 0001:00039f10       ?_RTC_AllocaFailure@@YAXPAXPAU_RTC_ALLOCA_NODE@@H@Z 1003af10 f   LIBCMTD:_error_.obj
 0001:0003a0c0       __RTC_UninitUse            1003b0c0 f   LIBCMTD:_error_.obj
 0001:0003a1b0       _strerror                  1003b1b0 f   LIBCMTD:strerror.obj
 0001:0003a250       __get_sys_err_msg          1003b250 f i LIBCMTD:strerror.obj
 0001:0003a290       _strerror_s                1003b290 f   LIBCMTD:strerror.obj
 0001:0003a3c0       ___sys_nerr                1003b3c0 f   LIBCMTD:syserr.obj
 0001:0003a3d0       ___sys_errlist             1003b3d0 f   LIBCMTD:syserr.obj
 0001:0003a3e0       __dosmaperr                1003b3e0 f   LIBCMTD:dosmap.obj
 0001:0003a410       __get_errno_from_oserr     1003b410 f   LIBCMTD:dosmap.obj
 0001:0003a490       __set_errno                1003b490 f   LIBCMTD:dosmap.obj
 0001:0003a4c0       __get_errno                1003b4c0 f   LIBCMTD:dosmap.obj
 0001:0003a540       __set_doserrno             1003b540 f   LIBCMTD:dosmap.obj
 0001:0003a570       __get_doserrno             1003b570 f   LIBCMTD:dosmap.obj
 0001:0003a5f0       __errno                    1003b5f0 f   LIBCMTD:dosmap.obj
 0001:0003a620       ___doserrno                1003b620 f   LIBCMTD:dosmap.obj
 0001:0003a650       __beginthreadex            1003b650 f   LIBCMTD:threadex.obj
 0001:0003a8f0       __endthreadex              1003b8f0 f   LIBCMTD:threadex.obj
 0001:0003a940       __mktime64                 1003b940 f   LIBCMTD:mktime64.obj
 0001:0003a960       __mkgmtime64               1003b960 f   LIBCMTD:mktime64.obj
 0001:0003ade0       __CRT_INIT@12              1003bde0 f   LIBCMTD:dllcrt0.obj
 0001:0003afb0       __DllMainCRTStartup@12     1003bfb0 f   LIBCMTD:dllcrt0.obj
 0001:0003b1a0       __RTC_NumErrors            1003c1a0 f   LIBCMTD:_userapi_.obj
 0001:0003b1b0       __RTC_GetErrDesc           1003c1b0 f   LIBCMTD:_userapi_.obj
 0001:0003b1d0       __RTC_SetErrorType         1003c1d0 f   LIBCMTD:_userapi_.obj
 0001:0003b200       __RTC_SetErrorFunc         1003c200 f   LIBCMTD:_userapi_.obj
 0001:0003b220       __RTC_SetErrorFuncW        1003c220 f   LIBCMTD:_userapi_.obj
 0001:0003b240       ?_RTC_GetErrorFunc@@YAP6AHHPBDH00ZZPBX@Z 1003c240 f   LIBCMTD:_userapi_.obj
 0001:0003b250       ?_RTC_GetErrorFuncW@@YAP6AHHPB_WH00ZZPBX@Z 1003c250 f   LIBCMTD:_userapi_.obj
 0001:0003b260       __chkesp                   1003c260 f   LIBCMTD:chkesp.obj
 0001:0003b2a0       __CRT_RTC_INIT             1003c2a0 f   LIBCMTD:chkesp.obj
 0001:0003b2b0       __CRT_RTC_INITW            1003c2b0 f   LIBCMTD:chkesp.obj
 0001:0003b2c0       __alloc_osfhnd             1003c2c0 f   LIBCMTD:osfinfo.obj
 0001:0003b570       __set_osfhnd               1003c570 f   LIBCMTD:osfinfo.obj
 0001:0003b640       __free_osfhnd              1003c640 f   LIBCMTD:osfinfo.obj
 0001:0003b730       __get_osfhandle            1003c730 f   LIBCMTD:osfinfo.obj
 0001:0003b8a0       __open_osfhandle           1003c8a0 f   LIBCMTD:osfinfo.obj
 0001:0003bad0       ___lock_fhandle            1003cad0 f   LIBCMTD:osfinfo.obj
 0001:0003bbd0       __unlock_fhandle           1003cbd0 f   LIBCMTD:osfinfo.obj
 0001:0003bc00       __ioinit                   1003cc00 f   LIBCMTD:ioinit.obj
 0001:0003c0a0       __ioterm                   1003d0a0 f   LIBCMTD:ioinit.obj
 0001:0003c140       __initp_misc_invarg        1003d140 f   LIBCMTD:invarg.obj
 0001:0003c150       __invalid_parameter        1003d150 f   LIBCMTD:invarg.obj
 0001:0003c1c0       __invoke_watson            1003d1c0 f   LIBCMTD:invarg.obj
 0001:0003c310       __set_invalid_parameter_handler 1003d310 f   LIBCMTD:invarg.obj
 0001:0003c360       __get_invalid_parameter_handler 1003d360 f   LIBCMTD:invarg.obj
 0001:0003c390       ?_invalid_parameter@@YAXPBG00II@Z 1003d390 f   LIBCMTD:invarg.obj
 0001:0003c3c0       ?_invoke_watson@@YAXPBG00II@Z 1003d3c0 f   LIBCMTD:invarg.obj
 0001:0003c3f0       __CrtSetReportHookW2       1003d3f0 f   LIBCMTD:dbgrptw.obj
 0001:0003c710       __CrtDbgReportW            1003d710 f   LIBCMTD:dbgrptw.obj
 0001:0003c750       __CrtDbgReportWV           1003d750 f i LIBCMTD:dbgrptw.obj
 0001:0003c780       ___crtMessageWindowW       1003d780 f   LIBCMTD:dbgrptw.obj
 0001:0003cb80       __invoke_watson_if_oneof   1003db80 f i LIBCMTD:dbgrptw.obj
 0001:0003cbd0       ?_CrtDbgReportW@@YAHHPBGH00ZZ 1003dbd0 f   LIBCMTD:dbgrptw.obj
 0001:0003cc10       __except_handler4          1003dc10 f   LIBCMTD:chandler4.obj
 0001:0003ce30       ___loctotime64_t           1003de30 f   LIBCMTD:dtoxtm64.obj
 0001:0003d1a0       __gmtime32_s               1003e1a0 f   LIBCMTD:gmtime.obj
 0001:0003d460       ___getgmtimebuf            1003e460 f   LIBCMTD:gmtime.obj
 0001:0003d4e0       __gmtime32                 1003e4e0 f   LIBCMTD:gmtime.obj
 0001:0003d520       __malloc_dbg               1003e520 f   LIBCMTD:dbgheap.obj
 0001:0003d550       __nh_malloc                1003e550 f   LIBCMTD:dbgheap.obj
 0001:0003d570       __nh_malloc_dbg            1003e570 f   LIBCMTD:dbgheap.obj
 0001:0003d640       __heap_alloc               1003e640 f   LIBCMTD:dbgheap.obj
 0001:0003da10       __heap_alloc_dbg           1003ea10 f   LIBCMTD:dbgheap.obj
 0001:0003da70       __calloc_dbg_impl          1003ea70 f   LIBCMTD:dbgheap.obj
 0001:0003db40       __calloc_dbg               1003eb40 f   LIBCMTD:dbgheap.obj
 0001:0003dba0       __recalloc                 1003eba0 f   LIBCMTD:dbgheap.obj
 0001:0003dbd0       __realloc_dbg              1003ebd0 f   LIBCMTD:dbgheap.obj
 0001:0003e270       __recalloc_dbg             1003f270 f   LIBCMTD:dbgheap.obj
 0001:0003e370       __expand                   1003f370 f   LIBCMTD:dbgheap.obj
 0001:0003e3a0       __expand_dbg               1003f3a0 f   LIBCMTD:dbgheap.obj
 0001:0003e4b0       __free_nolock              1003f4b0 f   LIBCMTD:dbgheap.obj
 0001:0003e4d0       __free_dbg                 1003f4d0 f   LIBCMTD:dbgheap.obj
 0001:0003e550       __free_dbg_nolock          1003f550 f   LIBCMTD:dbgheap.obj
 0001:0003ea30       __msize                    1003fa30 f   LIBCMTD:dbgheap.obj
 0001:0003ea50       __msize_dbg                1003fa50 f   LIBCMTD:dbgheap.obj
 0001:0003ec40       __CrtSetBreakAlloc         1003fc40 f   LIBCMTD:dbgheap.obj
 0001:0003ec60       __CrtSetDbgBlockType       1003fc60 f   LIBCMTD:dbgheap.obj
 0001:0003ed50       __CrtSetAllocHook          1003fd50 f   LIBCMTD:dbgheap.obj
 0001:0003ed70       __CrtGetAllocHook          1003fd70 f   LIBCMTD:dbgheap.obj
 0001:0003edd0       __CrtCheckMemory           1003fdd0 f   LIBCMTD:dbgheap.obj
 0001:0003f230       __CrtSetDbgFlag            10040230 f   LIBCMTD:dbgheap.obj
 0001:0003f380       __CrtDoForAllClientObjects 10040380 f   LIBCMTD:dbgheap.obj
 0001:0003f4a0       __CrtIsValidPointer        100404a0 f   LIBCMTD:dbgheap.obj
 0001:0003f4b0       __CrtIsValidHeapPointer    100404b0 f   LIBCMTD:dbgheap.obj
 0001:0003f550       __CrtIsMemoryBlock         10040550 f   LIBCMTD:dbgheap.obj
 0001:0003f6c0       __CrtReportBlockType       100406c0 f   LIBCMTD:dbgheap.obj
 0001:0003f6f0       __CrtSetDumpClient         100406f0 f   LIBCMTD:dbgheap.obj
 0001:0003f710       __CrtGetDumpClient         10040710 f   LIBCMTD:dbgheap.obj
 0001:0003f720       __CrtMemCheckpoint         10040720 f   LIBCMTD:dbgheap.obj
 0001:0003f940       __CrtMemDifference         10040940 f   LIBCMTD:dbgheap.obj
 0001:0003fb60       __CrtMemDumpAllObjectsSince 10040b60 f   LIBCMTD:dbgheap.obj
 0001:00040050       __CrtDumpMemoryLeaks       10041050 f   LIBCMTD:dbgheap.obj
 0001:000400c0       __CrtMemDumpStatistics     100410c0 f   LIBCMTD:dbgheap.obj
 0001:000401d0       __aligned_malloc           100411d0 f   LIBCMTD:dbgheap.obj
 0001:000401f0       __aligned_malloc_dbg       100411f0 f   LIBCMTD:dbgheap.obj
 0001:00040220       __aligned_realloc          10041220 f   LIBCMTD:dbgheap.obj
 0001:00040250       __aligned_recalloc         10041250 f   LIBCMTD:dbgheap.obj
 0001:00040280       __aligned_realloc_dbg      10041280 f   LIBCMTD:dbgheap.obj
 0001:000402b0       __aligned_recalloc_dbg     100412b0 f   LIBCMTD:dbgheap.obj
 0001:000402e0       __aligned_offset_malloc    100412e0 f   LIBCMTD:dbgheap.obj
 0001:00040300       __aligned_offset_malloc_dbg 10041300 f   LIBCMTD:dbgheap.obj
 0001:000404a0       __aligned_offset_realloc   100414a0 f   LIBCMTD:dbgheap.obj
 0001:000404d0       __aligned_offset_recalloc  100414d0 f   LIBCMTD:dbgheap.obj
 0001:00040500       __aligned_offset_realloc_dbg 10041500 f   LIBCMTD:dbgheap.obj
 0001:000407d0       __aligned_offset_recalloc_dbg 100417d0 f   LIBCMTD:dbgheap.obj
 0001:000408e0       __aligned_free             100418e0 f   LIBCMTD:dbgheap.obj
 0001:00040900       __aligned_free_dbg         10041900 f   LIBCMTD:dbgheap.obj
 0001:000409b0       __CrtSetDebugFillThreshold 100419b0 f   LIBCMTD:dbgheap.obj
 0001:000409d0       __CrtSetCheckCount         100419d0 f   LIBCMTD:dbgheap.obj
 0001:000409f0       __CrtGetCheckCount         100419f0 f   LIBCMTD:dbgheap.obj
 0001:00040a00       __aligned_msize            10041a00 f   LIBCMTD:dbgheap.obj
 0001:00040a20       __aligned_msize_dbg        10041a20 f   LIBCMTD:dbgheap.obj
 0001:00040b30       _close                     10041b30 f   LIBCMTD:close.obj
 0001:00040b30       __close                    10041b30 f   LIBCMTD:close.obj
 0001:00040d40       __close_nolock             10041d40 f   LIBCMTD:close.obj
 0001:00040e10       __fileno                   10041e10 f   LIBCMTD:fileno.obj
 0001:00040e90       __freebuf                  10041e90 f   LIBCMTD:_freebuf.obj
 0001:00040f20       __flsbuf                   10041f20 f   LIBCMTD:_flsbuf.obj
 0001:000411e0       __write                    100421e0 f   LIBCMTD:write.obj
 0001:00041410       __write_nolock             10042410 f   LIBCMTD:write.obj
 0001:00041f50       __openfile                 10042f50 f   LIBCMTD:_open.obj
 0001:00042710       __getstream                10043710 f   LIBCMTD:stream.obj
 0001:00042970       __local_unwind4            10043970 f   LIBCMTD:exsup4.obj
 0001:00042a46       __seh_longjmp_unwind4@4    10043a46 f   LIBCMTD:exsup4.obj
 0001:00042a62       @_EH4_CallFilterFunc@8     10043a62 f   LIBCMTD:exsup4.obj
 0001:00042a79       @_EH4_TransferToHandler@8  10043a79 f   LIBCMTD:exsup4.obj
 0001:00042a92       @_EH4_GlobalUnwind@4       10043a92 f   LIBCMTD:exsup4.obj
 0001:00042aac       @_EH4_LocalUnwind@16       10043aac f   LIBCMTD:exsup4.obj
 0001:00042ad0       __setdefaultprecision      10043ad0 f   LIBCMTD:fp8.obj
 0001:00042b10       __ms_p5_test_fdiv          10043b10 f   LIBCMTD:_testfdiv_.obj
 0001:00042b60       __ms_p5_mp_test_fdiv       10043b60 f   LIBCMTD:_testfdiv_.obj
 0001:00042bb0       __forcdecpt                10043bb0 f   LIBCMTD:cvt.obj
 0001:00042bd0       __forcdecpt_l              10043bd0 f   LIBCMTD:cvt.obj
 0001:00042c90       __cropzeros                10043c90 f   LIBCMTD:cvt.obj
 0001:00042cb0       __cropzeros_l              10043cb0 f   LIBCMTD:cvt.obj
 0001:00042dc0       __positive                 10043dc0 f   LIBCMTD:cvt.obj
 0001:00042df0       __fassign_l                10043df0 f   LIBCMTD:cvt.obj
 0001:00042e50       __fassign                  10043e50 f   LIBCMTD:cvt.obj
 0001:00042e70       __cftoe_l                  10043e70 f   LIBCMTD:cvt.obj
 0001:000433c0       __cftoe                    100443c0 f   LIBCMTD:cvt.obj
 0001:000433f0       __cftoa_l                  100443f0 f   LIBCMTD:cvt.obj
 0001:00043bd0       ?strrchr@@YAPADPADH@Z      10044bd0 f i LIBCMTD:cvt.obj
 0001:00043bf0       __cftoa                    10044bf0 f   LIBCMTD:cvt.obj
 0001:00043c20       __cftof_l                  10044c20 f   LIBCMTD:cvt.obj
 0001:00044030       __cftof                    10045030 f   LIBCMTD:cvt.obj
 0001:00044060       __cftog_l                  10045060 f   LIBCMTD:cvt.obj
 0001:00044290       __cftog                    10045290 f   LIBCMTD:cvt.obj
 0001:000442c0       __cfltcvt_l                100452c0 f   LIBCMTD:cvt.obj
 0001:00044380       __cfltcvt                  10045380 f   LIBCMTD:cvt.obj
 0001:000443e0       __initp_misc_cfltcvt_tab   100453e0 f   LIBCMTD:cmiscdat.obj
 0001:00044430       ___report_gsfailure        10045430 f   LIBCMTD:gs_report.obj
 0001:00044540       __commit                   10045540 f   LIBCMTD:commit.obj
 0001:00044760       __mtinitlocks              10045760 f   LIBCMTD:mlock.obj
 0001:000447f0       __mtdeletelocks            100457f0 f   LIBCMTD:mlock.obj
 0001:000448b0       __mtinitlocknum            100458b0 f   LIBCMTD:mlock.obj
 0001:00044a00       __lock                     10045a00 f   LIBCMTD:mlock.obj
 0001:00044a40       __unlock                   10045a40 f   LIBCMTD:mlock.obj
 0001:00044a60       __lockerr_exit             10045a60 f   LIBCMTD:mlock.obj
 0001:00044a80       __get_sse2_info            10045a80 f   LIBCMTD:cpu_disp.obj
 0001:00044bb0       ___sse2_available_init     10045bb0 f   LIBCMTD:cpu_disp.obj
 0001:00044bd0       __VEC_memzero              10045bd0 f   LIBCMTD:p4_memset.obj
 0001:00044cc0       __VEC_memcpy               10045cc0 f   LIBCMTD:p4_memcpy.obj
 0001:00044e40       __filbuf                   10045e40 f   LIBCMTD:_filbuf.obj
 0001:00045090       _read                      10046090 f   LIBCMTD:read.obj
 0001:00045090       __read                     10046090 f   LIBCMTD:read.obj
 0001:00045320       __read_nolock              10046320 f   LIBCMTD:read.obj
 0001:00046270       _memcpy_s                  10047270 f   LIBCMTD:memcpy_s.obj
 0001:00046400       __fcloseall                10047400 f   LIBCMTD:closeall.obj
 0001:00046530       __crt_waiting_on_module_handle 10047530 f   LIBCMTD:crt0dat.obj
 0001:00046590       __cinit                    10047590 f   LIBCMTD:crt0dat.obj
 0001:00046630       _exit                      10047630 f   LIBCMTD:crt0dat.obj
 0001:00046650       __exit                     10047650 f   LIBCMTD:crt0dat.obj
 0001:00046670       __cexit                    10047670 f   LIBCMTD:crt0dat.obj
 0001:00046690       __c_exit                   10047690 f   LIBCMTD:crt0dat.obj
 0001:000466b0       __amsg_exit                100476b0 f   LIBCMTD:crt0dat.obj
 0001:000466f0       ___freeCrtMemory           100476f0 f   LIBCMTD:crt0dat.obj
 0001:00046a40       ___crtCorExitProcess       10047a40 f   LIBCMTD:crt0dat.obj
 0001:00046a80       ___crtExitProcess          10047a80 f   LIBCMTD:crt0dat.obj
 0001:00046aa0       __lockexit                 10047aa0 f   LIBCMTD:crt0dat.obj
 0001:00046ac0       __unlockexit               10047ac0 f   LIBCMTD:crt0dat.obj
 0001:00046ae0       __init_pointers            10047ae0 f   LIBCMTD:crt0dat.obj
 0001:00046ba0       __initterm_e               10047ba0 f   LIBCMTD:crt0dat.obj
 0001:00046be0       __get_wpgmptr              10047be0 f   LIBCMTD:crt0dat.obj
 0001:00046cd0       __get_pgmptr               10047cd0 f   LIBCMTD:crt0dat.obj
 0001:00046dc0       ___dtoxmode                10047dc0 f   LIBCMTD:stat.obj
 0001:00046f10       __stat32                   10047f10 f   LIBCMTD:stat.obj
 0001:00047650       __getdrive                 10048650 f   LIBCMTD:drive.obj
 0001:000477a0       __chdrive                  100487a0 f   LIBCMTD:drive.obj
 0001:000478e0       __mbctolower_l             100488e0 f   LIBCMTD:mbtolwr.obj
 0001:00047a30       __mbctolower               10048a30 f   LIBCMTD:mbtolwr.obj
 0001:00047a50       __mbspbrk_l                10048a50 f   LIBCMTD:mbspbrk.obj
 0001:00047c90       __mbspbrk                  10048c90 f   LIBCMTD:mbspbrk.obj
 0001:00047cb0       __fullpath                 10048cb0 f   LIBCMTD:fullpath.obj
 0001:00047ce0       __fullpath_dbg             10048ce0 f   LIBCMTD:fullpath.obj
 0001:00047e90       __encode_pointer           10048e90 f   LIBCMTD:tidtable.obj
 0001:00047f30       __crt_wait_module_handle   10048f30 f i LIBCMTD:tidtable.obj
 0001:00047f60       __encoded_null             10048f60 f   LIBCMTD:tidtable.obj
 0001:00047f80       __decode_pointer           10048f80 f   LIBCMTD:tidtable.obj
 0001:00048020       ___crtTlsAlloc@4           10049020 f   LIBCMTD:tidtable.obj
 0001:00048030       ___fls_getvalue@4          10049030 f   LIBCMTD:tidtable.obj
 0001:00048050       ___get_flsindex            10049050 f   LIBCMTD:tidtable.obj
 0001:00048060       ___set_flsgetvalue         10049060 f   LIBCMTD:tidtable.obj
 0001:000480b0       ___fls_setvalue@8          100490b0 f   LIBCMTD:tidtable.obj
 0001:000480e0       __mtinit                   100490e0 f   LIBCMTD:tidtable.obj
 0001:000482f0       __mtterm                   100492f0 f   LIBCMTD:tidtable.obj
 0001:00048350       __initptd                  10049350 f   LIBCMTD:tidtable.obj
 0001:000484b0       __getptd_noexit            100494b0 f   LIBCMTD:tidtable.obj
 0001:00048570       __getptd                   10049570 f   LIBCMTD:tidtable.obj
 0001:000485a0       __freefls@4                100495a0 f   LIBCMTD:tidtable.obj
 0001:000487b0       __freeptd                  100497b0 f   LIBCMTD:tidtable.obj
 0001:00048830       ___threadid                10049830 f   LIBCMTD:tidtable.obj
 0001:00048840       ___threadhandle            10049840 f   LIBCMTD:tidtable.obj
 0001:00048850       ____setlc_active_func      10049850 f   LIBCMTD:setlocal.obj
 0001:00048860       ____unguarded_readlc_active_add_func 10049860 f   LIBCMTD:setlocal.obj
 0001:00048870       ___freetlocinfo            10049870 f   LIBCMTD:setlocal.obj
 0001:00048b50       ___addlocaleref            10049b50 f   LIBCMTD:setlocal.obj
 0001:00048c70       ___removelocaleref         10049c70 f   LIBCMTD:setlocal.obj
 0001:00048da0       ___updatetlocinfo          10049da0 f   LIBCMTD:setlocal.obj
 0001:00048ef0       __configthreadlocale       10049ef0 f   LIBCMTD:setlocal.obj
 0001:00049000       __locterm                  1004a000 f   LIBCMTD:setlocal.obj
 0001:000490a0       __free_locale              1004a0a0 f   LIBCMTD:setlocal.obj
 0001:000491e0       ___free_locale             1004a1e0 f   LIBCMTD:setlocal.obj
 0001:00049200       __create_locale            1004a200 f   LIBCMTD:setlocal.obj
 0001:00049430       ___create_locale           1004a430 f   LIBCMTD:setlocal.obj
 0001:00049450       __get_current_locale       1004a450 f   LIBCMTD:setlocal.obj
 0001:00049570       ___get_current_locale      1004a570 f   LIBCMTD:setlocal.obj
 0001:00049580       _setlocale                 1004a580 f   LIBCMTD:setlocal.obj
 0001:0004a490       __expandlocale             1004b490 f   LIBCMTD:setlocal.obj
 0001:0004a740       ___init_dummy              1004b740 f   LIBCMTD:setlocal.obj
 0001:0004a750       __strcats                  1004b750 f   LIBCMTD:setlocal.obj
 0001:0004a7d0       ___lc_strtolc              1004b7d0 f   LIBCMTD:setlocal.obj
 0001:0004a9d0       ___lc_lctostr              1004b9d0 f   LIBCMTD:setlocal.obj
 0001:0004aa70       __chvalidator              1004ba70 f   LIBCMTD:isctype.obj
 0001:0004aac0       __chvalidator_l            1004bac0 f   LIBCMTD:isctype.obj
 0001:0004ab70       __isctype_l                1004bb70 f   LIBCMTD:isctype.obj
 0001:0004ac90       __isctype                  1004bc90 f   LIBCMTD:isctype.obj
 0001:0004acd0       ?_JumpToContinuation@@YGXPAXPAUEHRegistrationNode@@@Z 1004bcd0 f   LIBCMTD:_trnsctrl_.obj
 0001:0004ad10       ?_CallMemberFunction0@@YGXPAX0@Z 1004bd10 f   LIBCMTD:_trnsctrl_.obj
 0001:0004ad20       ?_CallMemberFunction1@@YGXPAX00@Z 1004bd20 f   LIBCMTD:_trnsctrl_.obj
 0001:0004ad30       ?_CallMemberFunction2@@YGXPAX00H@Z 1004bd30 f   LIBCMTD:_trnsctrl_.obj
 0001:0004ad40       ?_UnwindNestedFrames@@YGXPAUEHRegistrationNode@@PAUEHExceptionRecord@@@Z 1004bd40 f   LIBCMTD:_trnsctrl_.obj
 0001:0004ada0       ___CxxFrameHandler         1004bda0 f   LIBCMTD:_trnsctrl_.obj
 0001:0004ade0       ___CxxFrameHandler3        1004bde0 f   LIBCMTD:_trnsctrl_.obj
 0001:0004ae20       ___CxxFrameHandler2        1004be20 f   LIBCMTD:_trnsctrl_.obj
 0001:0004ae60       ___CxxLongjmpUnwind@4      1004be60 f   LIBCMTD:_trnsctrl_.obj
 0001:0004ae90       ?_CallCatchBlock2@@YAPAXPAUEHRegistrationNode@@PBU_s_FuncInfo@@PAXHK@Z 1004be90 f   LIBCMTD:_trnsctrl_.obj
 0001:0004af50       ?_CallSETranslator@@YAHPAUEHExceptionRecord@@PAUEHRegistrationNode@@PAX2PBU_s_FuncInfo@@H1@Z 1004bf50 f   LIBCMTD:_trnsctrl_.obj
 0001:0004b0f0       ?_GetRangeOfTrysToCheck@@YAPBU_s_TryBlockMapEntry@@PBU_s_FuncInfo@@HHPAI1@Z 1004c0f0 f   LIBCMTD:_trnsctrl_.obj
 0001:0004b170       __CreateFrameInfo          1004c170 f   LIBCMTD:_trnsctrl_.obj
 0001:0004b1a0       __IsExceptionObjectToBeDestroyed 1004c1a0 f   LIBCMTD:_trnsctrl_.obj
 0001:0004b1d0       __FindAndUnlinkFrame       1004c1d0 f   LIBCMTD:_trnsctrl_.obj
 0001:0004b230       ___updatetmbcinfo          1004c230 f   LIBCMTD:mbctype.obj
 0001:0004b340       __setmbcp                  1004c340 f   LIBCMTD:mbctype.obj
 0001:0004b6f0       __setmbcp_nolock           1004c6f0 f   LIBCMTD:mbctype.obj
 0001:0004bee0       __getmbcp                  1004cee0 f   LIBCMTD:mbctype.obj
 0001:0004bf50       ___initmbctable            1004cf50 f   LIBCMTD:mbctype.obj
 0001:0004bf80       __input_l                  1004cf80 f   LIBCMTD:input.obj
 0001:0004d7d0       __INTRN_LOCALE_CONV        1004e7d0 f i LIBCMTD:input.obj
 0001:0004d900       __input_s_l                1004e900 f   LIBCMTD:inputs.obj
 0001:0004f610       __stbuf                    10050610 f   LIBCMTD:_sftbuf.obj
 0001:0004f770       __ftbuf                    10050770 f   LIBCMTD:_sftbuf.obj
 0001:0004f800       ___crtLCMapStringA         10050800 f   LIBCMTD:a_map.obj
 0001:0004fd60       __MarkAllocaS              10050d60 f i LIBCMTD:a_map.obj
 0001:0004fd90       __freea                    10050d90 f i LIBCMTD:a_map.obj
 0001:0004fe50       __isleadbyte_l             10050e50 f i LIBCMTD:_wctype.obj
 0001:0004fea0       _isleadbyte                10050ea0 f i LIBCMTD:_wctype.obj
 0001:0004fec0       __iswalpha_l               10050ec0 f i LIBCMTD:_wctype.obj
 0001:0004fee0       _iswalpha                  10050ee0 f i LIBCMTD:_wctype.obj
 0001:0004ff00       __iswupper_l               10050f00 f i LIBCMTD:_wctype.obj
 0001:0004ff20       _iswupper                  10050f20 f i LIBCMTD:_wctype.obj
 0001:0004ff40       __iswlower_l               10050f40 f i LIBCMTD:_wctype.obj
 0001:0004ff60       _iswlower                  10050f60 f i LIBCMTD:_wctype.obj
 0001:0004ff80       __iswdigit_l               10050f80 f i LIBCMTD:_wctype.obj
 0001:0004ffa0       _iswdigit                  10050fa0 f i LIBCMTD:_wctype.obj
 0001:0004ffc0       __iswxdigit_l              10050fc0 f i LIBCMTD:_wctype.obj
 0001:0004ffe0       _iswxdigit                 10050fe0 f i LIBCMTD:_wctype.obj
 0001:00050000       __iswspace_l               10051000 f i LIBCMTD:_wctype.obj
 0001:00050020       _iswspace                  10051020 f i LIBCMTD:_wctype.obj
 0001:00050040       __iswpunct_l               10051040 f i LIBCMTD:_wctype.obj
 0001:00050060       _iswpunct                  10051060 f i LIBCMTD:_wctype.obj
 0001:00050080       __iswalnum_l               10051080 f i LIBCMTD:_wctype.obj
 0001:000500a0       _iswalnum                  100510a0 f i LIBCMTD:_wctype.obj
 0001:000500c0       __iswprint_l               100510c0 f i LIBCMTD:_wctype.obj
 0001:000500e0       _iswprint                  100510e0 f i LIBCMTD:_wctype.obj
 0001:00050100       __iswgraph_l               10051100 f i LIBCMTD:_wctype.obj
 0001:00050120       _iswgraph                  10051120 f i LIBCMTD:_wctype.obj
 0001:00050140       __iswcntrl_l               10051140 f i LIBCMTD:_wctype.obj
 0001:00050160       _iswcntrl                  10051160 f i LIBCMTD:_wctype.obj
 0001:00050180       _iswascii                  10051180 f i LIBCMTD:_wctype.obj
 0001:000501a0       __iswcsym_l                100511a0 f i LIBCMTD:_wctype.obj
 0001:000501e0       ___iswcsym                 100511e0 f i LIBCMTD:_wctype.obj
 0001:00050220       __iswcsymf_l               10051220 f i LIBCMTD:_wctype.obj
 0001:00050260       ___iswcsymf                10051260 f i LIBCMTD:_wctype.obj
 0001:000502a0       _strnlen                   100512a0 f   LIBCMTD:strlen_s.obj
 0001:000502e0       __mbsnbicoll_l             100512e0 f   LIBCMTD:mbsnbico.obj
 0001:00050520       __mbsnbicoll               10051520 f   LIBCMTD:mbsnbico.obj
 0001:00050540       ___wtomb_environ           10051540 f   LIBCMTD:wtombenv.obj
 0001:00050630       _strcpy_s                  10051630 f   LIBCMTD:strcpy_s.obj
 0001:00050910       __output_l                 10051910 f   LIBCMTD:output.obj
 0001:00051d40       _get_int_arg               10052d40 f i LIBCMTD:output.obj
 0001:00051d60       _get_int64_arg             10052d60 f i LIBCMTD:output.obj
 0001:00051d80       _get_short_arg             10052d80 f i LIBCMTD:output.obj
 0001:00051da0       __vsprintf_l               10052da0 f   LIBCMTD:vsprintf.obj
 0001:00051f20       _vsprintf                  10052f20 f   LIBCMTD:vsprintf.obj
 0001:00051f40       __vscprintf_helper         10052f40 f   LIBCMTD:vsprintf.obj
 0001:00052000       __vscprintf                10053000 f   LIBCMTD:vsprintf.obj
 0001:00052020       __vscprintf_l              10053020 f   LIBCMTD:vsprintf.obj
 0001:00052040       __vscprintf_p              10053040 f   LIBCMTD:vsprintf.obj
 0001:00052060       __vscprintf_p_l            10053060 f   LIBCMTD:vsprintf.obj
 0001:00052080       __vsnprintf_helper         10053080 f   LIBCMTD:vsnprnc.obj
 0001:00052250       __vsnprintf_c              10053250 f   LIBCMTD:vsnprnc.obj
 0001:000522a0       __vsnprintf_c_l            100532a0 f   LIBCMTD:vsnprnc.obj
 0001:000522f0       __vsprintf_s_l             100532f0 f   LIBCMTD:vsnprnc.obj
 0001:00052560       _vsprintf_s                10053560 f   LIBCMTD:vsnprnc.obj
 0001:00052590       __vsnprintf_s_l            10053590 f   LIBCMTD:vsnprnc.obj
 0001:00052930       __vsnprintf_s              10053930 f   LIBCMTD:vsnprnc.obj
 0001:00052960       __vsprintf_p               10053960 f   LIBCMTD:vsnprnc.obj
 0001:000529b0       __vsprintf_p_l             100539b0 f   LIBCMTD:vsnprnc.obj
 0001:00052a00       __lseek                    10053a00 f   LIBCMTD:lseek.obj
 0001:00052c30       __lseek_nolock             10053c30 f   LIBCMTD:lseek.obj
 0001:00052d10       _ftell                     10053d10 f   LIBCMTD:ftell.obj
 0001:00052e00       __ftell_nolock             10053e00 f   LIBCMTD:ftell.obj
 0001:000530d0       ?_RTC_GetSrcLine@@YAHPAEPA_WKPAH1K@Z 100540d0 f   LIBCMTD:_pdblkup_.obj
 0001:00053570       _strncpy_s                 10054570 f   LIBCMTD:strncpy_s.obj
 0001:00053960       __ValidateImageBase        10054960 f   LIBCMTD:pesect.obj
 0001:000539c0       __FindPESection            100549c0 f   LIBCMTD:pesect.obj
 0001:00053a40       __IsNonwritableInCurrentImage 10054a40 f   LIBCMTD:pesect.obj
 0001:00053b60       __initp_misc_winxfltr      10054b60 f   LIBCMTD:winxfltr.obj
 0001:00053b70       ___CppXcptFilter           10054b70 f   LIBCMTD:winxfltr.obj
 0001:00053ba0       __XcptFilter               10054ba0 f   LIBCMTD:winxfltr.obj
 0001:00053dd0       __localtime64_s            10054dd0 f   LIBCMTD:loctim64.obj
 0001:000542f0       __localtime64              100552f0 f   LIBCMTD:loctim64.obj
 0001:00054330       __get_daylight             10055330 f   LIBCMTD:timeset.obj
 0001:000543b0       __get_dstbias              100553b0 f   LIBCMTD:timeset.obj
 0001:00054430       __get_timezone             10055430 f   LIBCMTD:timeset.obj
 0001:000544b0       __get_tzname               100554b0 f   LIBCMTD:timeset.obj
 0001:00054680       ___daylight                10055680 f   LIBCMTD:timeset.obj
 0001:00054690       ___dstbias                 10055690 f   LIBCMTD:timeset.obj
 0001:000546a0       ___timezone                100556a0 f   LIBCMTD:timeset.obj
 0001:000546b0       ___tzname                  100556b0 f   LIBCMTD:timeset.obj
 0001:000546c0       ___tzset                   100556c0 f   LIBCMTD:tzset.obj
 0001:00054760       __tzset                    10055760 f   LIBCMTD:tzset.obj
 0001:00054d10       __set_daylight             10055d10 f i LIBCMTD:tzset.obj
 0001:00054d30       __set_dstbias              10055d30 f i LIBCMTD:tzset.obj
 0001:00054d50       __set_timezone             10055d50 f i LIBCMTD:tzset.obj
 0001:00054d70       __isindst                  10055d70 f   LIBCMTD:tzset.obj
 0001:00055420       __setenvp                  10056420 f   LIBCMTD:stdenvp.obj
 0001:000555c0       __setargv                  100565c0 f   LIBCMTD:stdargv.obj
 0001:000556e0       __set_pgmptr               100566e0 f i LIBCMTD:stdargv.obj
 0001:00055a50       ___crtGetEnvironmentStringsA 10056a50 f   LIBCMTD:a_env.obj
 0001:00055c70       __RTC_Initialize           10056c70 f   LIBCMTD:_initsect_.obj
 0001:00055ca0       __RTC_Terminate            10056ca0 f   LIBCMTD:_initsect_.obj
 0001:00055cd0       ___heap_select             10056cd0 f   LIBCMTD:heapinit.obj
 0001:00055cf0       __heap_init                10056cf0 f   LIBCMTD:heapinit.obj
 0001:00055d70       __heap_term                10056d70 f   LIBCMTD:heapinit.obj
 0001:00055e10       __get_heap_handle          10056e10 f   LIBCMTD:heapinit.obj
 0001:00055e50       ___security_init_cookie    10056e50 f   LIBCMTD:gs_support.obj
 0001:00055f30       _DllMain@12                10056f30 f   LIBCMTD:dllmain.obj
 0001:00055f40       __CrtSetReportHook2        10056f40 f   LIBCMTD:dbgrpt.obj
 0001:00056260       __CrtDbgReport             10057260 f   LIBCMTD:dbgrpt.obj
 0001:000562a0       __CrtDbgReportV            100572a0 f i LIBCMTD:dbgrpt.obj
 0001:000562d0       ___crtMessageWindowA       100572d0 f   LIBCMTD:dbgrpt.obj
 0001:000566d0       __initp_misc_initcrit      100576d0 f   LIBCMTD:initcrit.obj
 0001:000566e0       ___crtInitCritSecAndSpinCount 100576e0 f   LIBCMTD:initcrit.obj
 0001:00056790       __CrtDefaultAllocHook      10057790 f   LIBCMTD:dbghook.obj
 0001:000567a0       __crt_debugger_hook        100577a0 f   LIBCMTD:dbghook.obj
 0001:000567c0       __CrtDbgBreak              100577c0 f   LIBCMTD:dbgrptt.obj
 0001:000567d0       __CrtSetReportMode         100577d0 f   LIBCMTD:dbgrptt.obj
 0001:00056910       __CrtSetReportFile         10057910 f   LIBCMTD:dbgrptt.obj
 0001:00056a10       __CrtSetReportHook         10057a10 f   LIBCMTD:dbgrptt.obj
 0001:00056a30       __CrtGetReportHook         10057a30 f   LIBCMTD:dbgrptt.obj
 0001:00056a40       __VCrtDbgReportA           10057a40 f   LIBCMTD:dbgrptt.obj
 0001:00057270       __VCrtDbgReportW           10058270 f   LIBCMTD:dbgrptt.obj
 0001:00057ba0       __initp_misc_winsig        10058ba0 f   LIBCMTD:winsig.obj
 0001:00057bd0       _signal                    10058bd0 f   LIBCMTD:winsig.obj
 0001:00058070       _raise                     10059070 f   LIBCMTD:winsig.obj
 0001:000583e0       ___get_sigabrt             100593e0 f   LIBCMTD:winsig.obj
 0001:00058400       ___fpecode                 10059400 f   LIBCMTD:winsig.obj
 0001:00058410       ___pxcptinfoptrs           10059410 f   LIBCMTD:winsig.obj
 0001:00058420       ___crtMessageBoxW          10059420 f   LIBCMTD:crtmboxw.obj
 0001:00058640       __swprintf                 10059640 f   LIBCMTD:swprintf.obj
 0001:00058810       ___swprintf_l              10059810 f   LIBCMTD:swprintf.obj
 0001:00058840       _swprintf_s                10059840 f   LIBCMTD:swprintf.obj
 0001:00058870       __snwprintf_s              10059870 f   LIBCMTD:swprintf.obj
 0001:000588a0       __swprintf_p               100598a0 f   LIBCMTD:swprintf.obj
 0001:000588d0       __swprintf_s_l             100598d0 f   LIBCMTD:swprintf.obj
 0001:00058900       __snwprintf_s_l            10059900 f   LIBCMTD:swprintf.obj
 0001:00058930       __swprintf_p_l             10059930 f   LIBCMTD:swprintf.obj
 0001:00058960       __scwprintf                10059960 f   LIBCMTD:swprintf.obj
 0001:00058980       __scwprintf_p              10059980 f   LIBCMTD:swprintf.obj
 0001:000589a0       __scwprintf_l              100599a0 f   LIBCMTD:swprintf.obj
 0001:000589d0       __scwprintf_p_l            100599d0 f   LIBCMTD:swprintf.obj
 0001:00058a00       _wcslen                    10059a00 f   LIBCMTD:wcslen.obj
 0001:00058a30       _wcscpy_s                  10059a30 f   LIBCMTD:wcscpy_s.obj
 0001:00058d10       __initp_heap_handler       10059d10 f   LIBCMTD:handler.obj
 0001:00058d20       ?_set_new_handler@@YAP6AHI@ZP6AHI@Z@Z 10059d20 f   LIBCMTD:handler.obj
 0001:00058d70       ?_set_new_handler@@YAP6AHI@ZH@Z 10059d70 f   LIBCMTD:handler.obj
 0001:00058db0       ?_query_new_handler@@YAP6AHI@ZXZ 10059db0 f   LIBCMTD:handler.obj
 0001:00058dd0       __callnewh                 10059dd0 f   LIBCMTD:handler.obj
 0001:00058e10       _V6_HeapAlloc              10059e10 f   LIBCMTD:malloc.obj
 0001:00058eb0       __malloc_base              10059eb0 f   LIBCMTD:malloc.obj
 0001:00058f40       __heap_alloc_base          10059f40 f i LIBCMTD:malloc.obj
 0001:00059000       __expand_base              1005a000 f   LIBCMTD:expand.obj
 0001:000592d0       __realloc_base             1005a2d0 f   LIBCMTD:realloc.obj
 0001:00059670       __free_base                1005a670 f   LIBCMTD:free.obj
 0001:000597a0       __heapchk                  1005a7a0 f   LIBCMTD:heapchk.obj
 0001:00059870       __heapset                  1005a870 f   LIBCMTD:heapchk.obj
 0001:00059880       __get_sbh_threshold        1005a880 f   LIBCMTD:sbheap.obj
 0001:000598d0       __set_sbh_threshold        1005a8d0 f   LIBCMTD:sbheap.obj
 0001:00059a60       __set_amblksiz             1005aa60 f   LIBCMTD:sbheap.obj
 0001:00059b70       __get_amblksiz             1005ab70 f   LIBCMTD:sbheap.obj
 0001:00059c60       ___sbh_heap_init           1005ac60 f   LIBCMTD:sbheap.obj
 0001:00059cd0       ___sbh_find_block          1005acd0 f   LIBCMTD:sbheap.obj
 0001:00059d30       ___sbh_verify_block        1005ad30 f   LIBCMTD:sbheap.obj
 0001:00059d90       ___sbh_free_block          1005ad90 f   LIBCMTD:sbheap.obj
 0001:0005a350       ___sbh_alloc_block         1005b350 f   LIBCMTD:sbheap.obj
 0001:0005a870       ___sbh_alloc_new_region    1005b870 f   LIBCMTD:sbheap.obj
 0001:0005a980       ___sbh_alloc_new_group     1005b980 f   LIBCMTD:sbheap.obj
 0001:0005ab70       ___sbh_resize_block        1005bb70 f   LIBCMTD:sbheap.obj
 0001:0005b140       ___sbh_heapmin             1005c140 f   LIBCMTD:sbheap.obj
 0001:0005b270       ___sbh_heap_check          1005c270 f   LIBCMTD:sbheap.obj
 0001:0005b760       __getbuf                   1005c760 f   LIBCMTD:_getbuf.obj
 0001:0005b820       __isatty                   1005c820 f   LIBCMTD:isatty.obj
 0001:0005b900       __putwch                   1005c900 f   LIBCMTD:putwch.obj
 0001:0005b990       __putwch_nolock            1005c990 f   LIBCMTD:putwch.obj
 0001:0005ba90       __cputws                   1005ca90 f   LIBCMTD:putwch.obj
 0001:0005bbe0       __mbtowc_l                 1005cbe0 f   LIBCMTD:mbtowc.obj
 0001:0005be00       _mbtowc                    1005ce00 f   LIBCMTD:mbtowc.obj
 0001:0005be20       __open                     1005ce20 f   LIBCMTD:open.obj
 0001:0005be20       _open                      1005ce20 f   LIBCMTD:open.obj
 0001:0005bfa0       __sopen_helper             1005cfa0 f   LIBCMTD:open.obj
 0001:0005d200       __sopen                    1005e200 f   LIBCMTD:open.obj
 0001:0005d280       __sopen_s                  1005e280 f   LIBCMTD:open.obj
 0001:0005d2b0       __mbsnbicmp_l              1005e2b0 f   LIBCMTD:mbsnbicm.obj
 0001:0005d750       __mbsnbicmp                1005e750 f   LIBCMTD:mbsnbicm.obj
 0001:0005d770       __mbsnbcmp_l               1005e770 f   LIBCMTD:mbsnbcmp.obj
 0001:0005da50       __mbsnbcmp                 1005ea50 f   LIBCMTD:mbsnbcmp.obj
 0001:0005da70       __global_unwind2           1005ea70 f   LIBCMTD:exsup.obj
 0001:0005dad5       __local_unwind2            1005ead5 f   LIBCMTD:exsup.obj
 0001:0005db59       __abnormal_termination     1005eb59 f   LIBCMTD:exsup.obj
 0001:0005db7c       __NLG_Notify1              1005eb7c f   LIBCMTD:exsup.obj
 0001:0005db85       __NLG_Notify               1005eb85 f   LIBCMTD:exsup.obj
 0001:0005db9c       __NLG_Dispatch             1005eb9c     LIBCMTD:exsup.obj
 0001:0005db9c       __NLG_Dispatch2            1005eb9c     LIBCMTD:exsup.obj
 0001:0005dba4       __NLG_Call                 1005eba4 f   LIBCMTD:exsup.obj
 0001:0005dba6       __NLG_Return2              1005eba6     LIBCMTD:exsup.obj
 0001:0005dbb0       __controlfp_s              1005ebb0 f   LIBCMTD:_contrlfp_.obj
 0001:0005dc90       __atodbl_l                 1005ec90 f   LIBCMTD:atodbl.obj
 0001:0005dda0       __atodbl                   1005eda0 f   LIBCMTD:atodbl.obj
 0001:0005ddc0       __atoldbl_l                1005edc0 f   LIBCMTD:atodbl.obj
 0001:0005ded0       __atoldbl                  1005eed0 f   LIBCMTD:atodbl.obj
 0001:0005def0       __atoflt_l                 1005eef0 f   LIBCMTD:atodbl.obj
 0001:0005e000       __atoflt                   1005f000 f   LIBCMTD:atodbl.obj
 0001:0005e020       __fptostr                  1005f020 f   LIBCMTD:_fptostr.obj
 0001:0005e2d0       __fltout2                  1005f2d0 f   LIBCMTD:_cfout_.obj
 0001:0005e380       ___dtold                   1005f380 f   LIBCMTD:_cfout_.obj
 0001:0005e4e0       __set_output_format        1005f4e0 f   LIBCMTD:outputformat.obj
 0001:0005e560       __get_output_format        1005f560 f   LIBCMTD:outputformat.obj
 0001:0005e570       __allshl                   1005f570 f   LIBCMTD:llshl.obj
 0001:0005e590       __aullshr                  1005f590 f   LIBCMTD:ullshr.obj
 0001:0005e5b0       __fptrap                   1005f5b0 f   LIBCMTD:crt0fp.obj
 0001:0005e5d0       __FF_MSGBANNER             1005f5d0 f   LIBCMTD:crt0msg.obj
 0001:0005e620       __NMSG_WRITE               1005f620 f   LIBCMTD:crt0msg.obj
 0001:0005e8c0       __GET_RTERRMSG             1005f8c0 f   LIBCMTD:crt0msg.obj
 0001:0005e910       __onexit                   1005f910 f   LIBCMTD:onexit.obj
 0001:0005eae0       _atexit                    1005fae0 f   LIBCMTD:onexit.obj
 0001:0005eb00       ___onexitinit              1005fb00 f   LIBCMTD:onexit.obj
 0001:0005eb60       __initp_eh_hooks           1005fb60 f   LIBCMTD:hooks.obj
 0001:0005eb80       ?terminate@@YAXXZ          1005fb80 f   LIBCMTD:hooks.obj
 0001:0005ec00       ?unexpected@@YAXXZ         1005fc00 f   LIBCMTD:hooks.obj
 0001:0005ec30       ?_inconsistency@@YAXXZ     1005fc30 f   LIBCMTD:hooks.obj
 0001:0005ecc0       __initp_misc_rand_s        1005fcc0 f   LIBCMTD:rand_s.obj
 0001:0005ecd0       _rand_s                    1005fcd0 f   LIBCMTD:rand_s.obj
 0001:0005eef0       ___getlocaleinfo           1005fef0 f   LIBCMTD:inithelp.obj
 0001:0005f190       __initp_misc_purevirt      10060190 f   LIBCMTD:inithelp.obj
 0001:0005f1a0       __mbsicmp_l                100601a0 f   LIBCMTD:mbsicmp.obj
 0001:0005f590       __mbsicmp                  10060590 f   LIBCMTD:mbsicmp.obj
 0001:0005f5b0       __mbsrchr_l                100605b0 f   LIBCMTD:mbsrchr.obj
 0001:0005f710       __mbsrchr                  10060710 f   LIBCMTD:mbsrchr.obj
 0001:0005f730       ___loctotime32_t           10060730 f   LIBCMTD:dtoxtime.obj
 0001:0005fa20       _strpbrk                   10060a20 f   LIBCMTD:strpbrk.obj
 0001:0005fa60       __getcwd                   10060a60 f   LIBCMTD:getcwd.obj
 0001:0005faf0       __getcwd_dbg               10060af0 f   LIBCMTD:getcwd.obj
 0001:0005fb90       __getdcwd                  10060b90 f   LIBCMTD:getcwd.obj
 0001:0005fc20       __getdcwd_dbg              10060c20 f   LIBCMTD:getcwd.obj
 0001:0005fcc0       __getdcwd_nolock           10060cc0 f   LIBCMTD:getcwd.obj
 0001:0005fcf0       __getdcwd_lk_dbg           10060cf0 f   LIBCMTD:getcwd.obj
 0001:0005ff50       __validdrive               10060f50 f   LIBCMTD:getcwd.obj
 0001:0005ffa0       __Getdays_l                10060fa0 f   LIBCMTD:strftime.obj
 0001:00060160       __Getdays                  10061160 f   LIBCMTD:strftime.obj
 0001:00060180       __Getmonths_l              10061180 f   LIBCMTD:strftime.obj
 0001:00060340       __Getmonths                10061340 f   LIBCMTD:strftime.obj
 0001:00060360       __Gettnames_l              10061360 f   LIBCMTD:strftime.obj
 0001:000608d0       __Gettnames                100618d0 f   LIBCMTD:strftime.obj
 0001:000608f0       __strftime_l               100618f0 f   LIBCMTD:strftime.obj
 0001:00060920       _strftime                  10061920 f   LIBCMTD:strftime.obj
 0001:00060950       __Strftime                 10061950 f   LIBCMTD:strftime.obj
 0001:00060980       __Strftime_l               10061980 f   LIBCMTD:strftime.obj
 0001:00062790       ___pwctype_func            10063790 f   LIBCMTD:ctype.obj
 0001:000627a0       ___pctype_func             100637a0 f   LIBCMTD:ctype.obj
 0001:000627f0       _localeconv                100637f0 f   LIBCMTD:lconv.obj
 0001:00062840       ___init_time               10063840 f   LIBCMTD:inittime.obj
 0001:00062f60       ___free_lc_time            10063f60 f   LIBCMTD:inittime.obj
 0001:00063270       ___init_numeric            10064270 f   LIBCMTD:initnum.obj
 0001:000635d0       ___free_lconv_num          100645d0 f   LIBCMTD:initnum.obj
 0001:00063640       ___init_monetary           10064640 f   LIBCMTD:initmon.obj
 0001:00063b40       ___free_lconv_mon          10064b40 f   LIBCMTD:initmon.obj
 0001:00063c30       ___init_ctype              10064c30 f   LIBCMTD:initctyp.obj
 0001:000641e0       ____mb_cur_max_func        100651e0 f   LIBCMTD:initctyp.obj
 0001:00064230       ____mb_cur_max_l_func      10065230 f   LIBCMTD:initctyp.obj
 0001:00064260       ____lc_codepage_func       10065260 f   LIBCMTD:initctyp.obj
 0001:000642b0       ____lc_collate_cp_func     100652b0 f   LIBCMTD:initctyp.obj
 0001:00064300       ____lc_handle_func         10065300 f   LIBCMTD:initctyp.obj
 0001:00064350       ___init_collate            10065350 f   LIBCMTD:initcoll.obj
 0001:00064360       _strcspn                   10065360 f   LIBCMTD:strcspn.obj
 0001:000643b0       ___crtGetStringTypeA       100653b0 f   LIBCMTD:a_str.obj
 0001:00064640       _strcat_s                  10065640 f   LIBCMTD:strcat_s.obj
 0001:00064a20       ___get_qualified_locale    10065a20 f   LIBCMTD:getqloc.obj
 0001:000658c0       ___InternalCxxFrameHandler 100668c0 f   LIBCMTD:frame.obj
 0001:00065ec0       ??0bad_exception@std@@QAE@PBD@Z 10066ec0 f i LIBCMTD:frame.obj
 0001:00065ef0       ??1bad_exception@std@@UAE@XZ 10066ef0 f i LIBCMTD:frame.obj
 0001:00065f10       ??_Ebad_exception@std@@UAEPAXI@Z 10066f10 f i LIBCMTD:frame.obj
 0001:00065f10       ??_Gbad_exception@std@@UAEPAXI@Z 10066f10 f i LIBCMTD:frame.obj
 0001:00065f40       ??0bad_exception@std@@QAE@ABV01@@Z 10066f40 f i LIBCMTD:frame.obj
 0001:000660f0       ___TypeMatch               100670f0 f   LIBCMTD:frame.obj
 0001:000661a0       ___FrameUnwindFilter       100671a0 f   LIBCMTD:frame.obj
 0001:00066220       ___FrameUnwindToState      10067220 f   LIBCMTD:frame.obj
[...]
 0001:0001e0f0       _printsub                  1001f0f0 f   telnet.obj
 0001:000217c0       _time                      100227c0 f   transfer.obj
 0001:000217e0       _checkhttpprefix           100227e0 f   transfer.obj
 0001:00021890       _data_pending              10022890 f   transfer.obj
 0001:000218b0       _read_rewind               100228b0 f   transfer.obj
 0001:000223b0       _strlen_url                100233b0 f   transfer.obj
 0001:00022440       _strcpy_url                10023440 f   transfer.obj
 0001:00022890       _Transfer                  10023890 f   transfer.obj
 0001:00022b30       _Curl_connect_host         10023b30 f   transfer.obj
 0001:00023040       _win32_init                10024040 f   easy.obj
 0001:00023250       _win32_cleanup             10024250 f   easy.obj
 0001:00024640       _waitconnect               10025640 f   connect.obj
 0001:000246a0       _verifyconnect             100256a0 f   connect.obj
 0001:000247a0       _trynextip                 100257a0 f   connect.obj
 0001:00024860       _singleipconnect           10025860 f   connect.obj
 0001:00024c20       _bindlocal                 10025c20 f   connect.obj
 0001:00025120       _tcpnodelay                10026120 f   connect.obj
 0001:00025870       _hash_element_dtor         10026870 f   hash.obj
 0001:00025aa0       _hash_str                  10026aa0 f   hash.obj
 0001:00025b00       _hash_key_compare          10026b00 f   hash.obj
 0001:00025b50       _mk_hash_element           10026b50 f   hash.obj
 0001:00026000       _sh_init                   10027000 f   multi.obj
 0001:00026020       _sh_freeentry              10027020 f   multi.obj
 0001:00026330       _multistate                10027330 f   multi.obj
 0001:00026890       _multi_getsock             10027890 f   multi.obj
 0001:000269e0       _waitconnect_getsock       100279e0 f   multi.obj
 0001:00026a00       _domore_getsock            10027a00 f   multi.obj
 0001:00026bc0       _multi_runsingle           10027bc0 f   multi.obj
 0001:00027f40       _singlesocket              10028f40 f   multi.obj
 0001:00028220       _sh_addentry               10029220 f   multi.obj
 0001:000282d0       _sh_delentry               100292d0 f   multi.obj
 0001:00028490       _multi_socket              10029490 f   multi.obj
 0001:00028730       _multi_timeout             10029730 f   multi.obj
 0001:000287f0       _update_timer              100297f0 f   multi.obj
 0001:00028b60       _multi_conn_using          10029b60 f   multi.obj
 0001:00028be0       _add_closure               10029be0 f   multi.obj
 0001:00029f00       _md5_to_ascii              1002af00 f   http_digest.obj
 0001:0002a160       _MD5_Init                  1002b160 f   md5.obj
 0001:0002a1a0       _MD5_Update                1002b1a0 f   md5.obj
 0001:0002a2c0       _MD5_Final                 1002b2c0 f   md5.obj
 0001:0002a3d0       _MD5Transform              1002b3d0 f   md5.obj
 0001:0002b260       _Encode                    1002c260 f   md5.obj
 0001:0002b310       _Decode                    1002c310 f   md5.obj
 0001:0002b400       _inet_pton4                1002c400 f   inet_pton.obj
 0001:0002bbd0       _get_winsock_error         1002cbd0 f   strerror.obj
 0001:0002c000       _addrinfo_callback         1002d000 f   hostasyn.obj
 0001:0002c940       _init_resolve_thread       1002d940 f   hostthre.obj
 0001:0002ccc0       _gethostbyname_thread@4    1002dcc0 f   hostthre.obj
 0001:0002ce40       _destroy_thread_sync_data  1002de40 f   hostthre.obj
 0001:0002cf00       _init_thread_sync_data     1002df00 f   hostthre.obj
 0001:0002d040       _acquire_thread_sync       1002e040 f   hostthre.obj
 0001:0002d0c0       _release_thread_sync       1002e0c0 f   hostthre.obj
 0001:0002d150       _inet_ntop4                1002e150 f   inet_ntop.obj
 0001:0002d1e0       _Curl_parsedate            1002e1e0 f   parsedate.obj
 0001:0002d870       _gmtime                    1002e870 f   parsedate.obj
 0001:0002d890       _mktime                    1002e890 f   parsedate.obj
 0001:0002d8b0       _checkday                  1002e8b0 f   parsedate.obj
 0001:0002d950       _checkmonth                1002e950 f   parsedate.obj
 0001:0002d9e0       _checktz                   1002e9e0 f   parsedate.obj
 0001:0002da70       _skip                      1002ea70 f   parsedate.obj
 0001:0002dce0       _wait_ms                   1002ece0 f   select.obj
 0001:0002e7e0       _safe_strequal             1002f7e0 f   sslgen.obj
 0001:0002edb0       _time                      1002fdb0 f   tftp.obj
 0001:0002f430       _getrpacketevent           10030430 f   tftp.obj
 0001:0002f450       _getrpacketblock           10030450 f   tftp.obj
 0001:0002f470       _tftp_state_machine        10030470 f   tftp.obj
 0001:0002f560       _tftp_send_first           10030560 f   tftp.obj
 0001:0002f860       _setpacketevent            10030860 f   tftp.obj
 0001:0002f890       _tftp_rx                   10030890 f   tftp.obj
 0001:0002fb50       _setpacketblock            10030b50 f   tftp.obj
 0001:0002fb80       _tftp_tx                   10030b80 f   tftp.obj
 0001:00030a40       _blockread_all             10031a40 f   socks.obj
 0001:00033520       _flsall                    10034520 f   LIBCMTD:fflush.obj
 0001:00034e80       _IsRootUNCName             10035e80 f   LIBCMTD:stat64.obj
 0001:00034f90       __fullpath_helper          10035f90 f   LIBCMTD:stat64.obj
 0001:000350f0       ?strtoxq@@YA_KPAUlocaleinfo_struct@@PBDPAPBDHH@Z 100360f0 f   LIBCMTD:strtoq.obj
 0001:00035960       _vscan_fn                  10036960 f   LIBCMTD:sscanf.obj
 0001:00036d20       ?strtoxl@@YAKPAUlocaleinfo_struct@@PBDPAPBDHH@Z 10037d20 f   LIBCMTD:strtol.obj
 0001:00037df0       __getenv_s_helper          10038df0 f   LIBCMTD:getenv.obj
 0001:00038090       __dupenv_s_helper          10039090 f   LIBCMTD:getenv.obj
 0001:00039190       _cmpBYTE                   1003a190 f   LIBCMTD:memcmp.obj
 0001:000391c0       _cmpResult                 1003a1c0 f   LIBCMTD:memcmp.obj
 0001:000391e0       _unaligned_memcmp          1003a1e0 f   LIBCMTD:memcmp.obj
 0001:000398f0       _cmpWORD                   1003a8f0 f   LIBCMTD:memcmp.obj
 0001:00039970       _cmpDWORD                  1003a970 f   LIBCMTD:memcmp.obj
 0001:00039a70       ?DebuggerProbe@@YAHK@Z     1003aa70 f   LIBCMTD:_error_.obj
 0001:00039b60       ?failwithmessage@@YAXPAXHHPBD@Z 1003ab60 f   LIBCMTD:_error_.obj
 0001:00039d70       ?DebuggerRuntime@@YAHKHPAXPB_W@Z 1003ad70 f   LIBCMTD:_error_.obj
 0001:0003a050       ?_getMemBlockDataString@@YAXPAD00I@Z 1003b050 f   LIBCMTD:_error_.obj
 0001:0003a790       __threadstartex@4          1003b790 f   LIBCMTD:threadex.obj
 0001:0003a840       __callthreadstartex        1003b840 f   LIBCMTD:threadex.obj
 0001:0003a980       __make__time64_t           1003b980 f   LIBCMTD:mktime64.obj
 0001:0003afe0       ___DllMainCRTStartup       1003bfe0 f   LIBCMTD:dllcrt0.obj
 0001:0003cdd0       _ValidateLocalCookies      1003ddd0 f   LIBCMTD:chandler4.obj
 0001:0003d5d0       __nh_malloc_dbg_impl       1003e5d0 f   LIBCMTD:dbgheap.obj
 0001:0003d660       __heap_alloc_dbg_impl      1003e660 f   LIBCMTD:dbgheap.obj
 0001:0003dc70       _realloc_help              1003ec70 f   LIBCMTD:dbgheap.obj
 0001:0003ed80       _CheckBytes                1003fd80 f   LIBCMTD:dbgheap.obj
 0001:0003fba0       ?_CrtMemDumpAllObjectsSince_stat@@YAXPBU_CrtMemState@@PAUlocaleinfo_struct@@@Z 10040ba0 f   LIBCMTD:dbgheap.obj
 0001:0003feb0       __printMemBlockData        10040eb0 f   LIBCMTD:dbgheap.obj
 0001:00042a00       __unwind_handler4          10043a00 f   LIBCMTD:exsup4.obj
 0001:00043030       __cftoe2_l                 10044030 f   LIBCMTD:cvt.obj
 0001:00043dd0       __cftof2_l                 10044dd0 f   LIBCMTD:cvt.obj
 0001:000443b0       __shift                    100453b0 f   LIBCMTD:cvt.obj
 0001:00044b00       _has_osfxsr_set            10045b00 f   LIBCMTD:cpu_disp.obj
 0001:00044c60       _fastzero_I                10045c60 f   LIBCMTD:p4_memset.obj
 0001:00044db0       _fastcopy_I                10045db0 f   LIBCMTD:p4_memcpy.obj
 0001:00046840       _doexit                    10047840 f   LIBCMTD:crt0dat.obj
 0001:00046b70       __initterm                 10047b70 f   LIBCMTD:crt0dat.obj
 0001:000474c0       _IsRootUNCName             100484c0 f   LIBCMTD:stat.obj
 0001:000475d0       __fullpath_helper          100485d0 f   LIBCMTD:stat.obj
 0001:00048e70       __updatetlocinfoEx_nolock  10049e70 f   LIBCMTD:setlocal.obj
 0001:000493e0       __copytlocinfo_nolock      1004a3e0 f   LIBCMTD:setlocal.obj
 0001:00049800       _sync_legacy_variables_lk  1004a800 f   LIBCMTD:setlocal.obj
 0001:00049880       __setlocale_nolock         1004a880 f   LIBCMTD:setlocal.obj
 0001:00049c70       __setlocale_set_cat        1004ac70 f   LIBCMTD:setlocal.obj
 0001:0004a1a0       __setlocale_get_all        1004b1a0 f   LIBCMTD:setlocal.obj
 0001:0004af00       ?CatchGuardHandler@@YA?AW4_EXCEPTION_DISPOSITION@@PAUEHExceptionRecord@@PAUCatchGuardRN@@PAX2@Z 1004bf00 f   LIBCMTD:_trnsctrl_.obj
 0001:0004b040       ?TranslatorGuardHandler@@YA?AW4_EXCEPTION_DISPOSITION@@PAUEHExceptionRecord@@PAUTranslatorGuardRN@@PAX2@Z 1004c040 f   LIBCMTD:_trnsctrl_.obj
 0001:0004b5e0       ?getSystemCP@@YAHH@Z       1004c5e0 f   LIBCMTD:mbctype.obj
 0001:0004ba40       ?CPtoLCID@@YAHH@Z          1004ca40 f   LIBCMTD:mbctype.obj
 0001:0004bac0       ?setSBCS@@YAXPAUthreadmbcinfostruct@@@Z 1004cac0 f   LIBCMTD:mbctype.obj
 0001:0004bba0       ?setSBUpLow@@YAXPAUthreadmbcinfostruct@@@Z 1004cba0 f   LIBCMTD:mbctype.obj
 0001:0004d6d0       ___check_float_string      1004e6d0 f   LIBCMTD:input.obj
 0001:0004d7f0       __hextodec                 1004e7f0 f   LIBCMTD:input.obj
 0001:0004d830       __inc                      1004e830 f   LIBCMTD:input.obj
 0001:0004d890       __un_inc                   1004e890 f   LIBCMTD:input.obj
 0001:0004d8b0       __whiteout                 1004e8b0 f   LIBCMTD:input.obj
 0001:0004f400       ___check_float_string      10050400 f   LIBCMTD:inputs.obj
 0001:0004f500       __hextodec                 10050500 f   LIBCMTD:inputs.obj
 0001:0004f540       __inc                      10050540 f   LIBCMTD:inputs.obj
 0001:0004f5a0       __un_inc                   100505a0 f   LIBCMTD:inputs.obj
 0001:0004f5c0       __whiteout                 100505c0 f   LIBCMTD:inputs.obj
 0001:0004f860       ?__crtLCMapStringA_stat@@YAHPAUlocaleinfo_struct@@KKPBDHPADHHH@Z 10050860 f   LIBCMTD:a_map.obj
 0001:0004fe00       ?strncnt@@YAHPBDH@Z        10050e00 f   LIBCMTD:a_map.obj
 0001:00051bd0       _write_char                10052bd0 f   LIBCMTD:output.obj
 0001:00051c70       _write_multi_char          10052c70 f   LIBCMTD:output.obj
 0001:00051cb0       _write_string              10052cb0 f   LIBCMTD:output.obj
 0001:00053390       ?GetPdbDll@@YAPAUHINSTANCE__@@XZ 10054390 f   LIBCMTD:_pdblkup_.obj
 0001:00053d70       _xcptlookup                10054d70 f   LIBCMTD:winxfltr.obj
 0001:000547e0       __tzset_nolock             100557e0 f   LIBCMTD:tzset.obj
 0001:00054df0       __isindst_nolock           10055df0 f   LIBCMTD:tzset.obj
 0001:00055150       _cvtdate                   10056150 f   LIBCMTD:tzset.obj
 0001:000556f0       _parse_cmdline             100566f0 f   LIBCMTD:stdargv.obj
 0001:00057f80       _ctrlevent_capture@4       10058f80 f   LIBCMTD:winsig.obj
 0001:00058380       _siglookup                 10059380 f   LIBCMTD:winsig.obj
 0001:00059220       __is_LFH_enabled           1005a220 f   LIBCMTD:expand.obj
 0001:0005c1f0       __tsopen_nolock            1005d1f0 f   LIBCMTD:open.obj
 0001:0005da90       __unwind_handler           1005ea90 f   LIBCMTD:exsup.obj
 0001:0005e990       __onexit_nolock            1005f990 f   LIBCMTD:onexit.obj
 0001:00060df0       ?_expandtime@@YAHPAUlocaleinfo_struct@@DPBUtm@@PAPADPAIPAU__lc_time_data@@I@Z 10061df0 f   LIBCMTD:strftime.obj
 0001:00061dc0       ?_store_str@@YAXPADPAPADPAI@Z 10062dc0 f   LIBCMTD:strftime.obj
 0001:00061e10       ?_store_num@@YAXHHPAPADPAII@Z 10062e10 f   LIBCMTD:strftime.obj
 0001:00061ec0       ?_store_number@@YAXHPAPADPAI@Z 10062ec0 f   LIBCMTD:strftime.obj
 0001:00061f70       ?_store_winword@@YAHPAUlocaleinfo_struct@@HPBUtm@@PAPADPAIPAU__lc_time_data@@@Z 10062f70 f   LIBCMTD:strftime.obj
 0001:00062930       __get_lc_time              10063930 f   LIBCMTD:inittime.obj
 0001:00063550       _fix_grouping              10064550 f   LIBCMTD:initnum.obj
 0001:00063ac0       _fix_grouping              10064ac0 f   LIBCMTD:initmon.obj
 0001:00064410       ?__crtGetStringTypeA_stat@@YAHPAUlocaleinfo_struct@@KPBDHPAGHHH@Z 10065410 f   LIBCMTD:a_str.obj
 0001:00064cd0       _TranslateName             10065cd0 f   LIBCMTD:getqloc.obj
 0001:00064d60       _GetLcidFromLangCountry    10065d60 f   LIBCMTD:getqloc.obj
 0001:00064e20       _LangCountryEnumProc@4     10065e20 f   LIBCMTD:getqloc.obj
 0001:00065260       _GetLcidFromLanguage       10066260 f   LIBCMTD:getqloc.obj
 0001:000652e0       _LanguageEnumProc@4        100662e0 f   LIBCMTD:getqloc.obj
 0001:00065480       _GetLcidFromCountry        10066480 f   LIBCMTD:getqloc.obj
 0001:000654d0       _CountryEnumProc@4         100664d0 f   LIBCMTD:getqloc.obj
 0001:000655d0       _GetLcidFromDefault        100665d0 f   LIBCMTD:getqloc.obj
 0001:00065610       _ProcessCodePage           10066610 f   LIBCMTD:getqloc.obj
 0001:000656e0       _TestDefaultCountry        100666e0 f   LIBCMTD:getqloc.obj
 0001:00065730       _TestDefaultLanguage       10066730 f   LIBCMTD:getqloc.obj
 0001:000657d0       _LcidFromHexString         100667d0 f   LIBCMTD:getqloc.obj
 0001:00065850       _GetPrimaryLen             10066850 f   LIBCMTD:getqloc.obj
 0001:00065a20       ?FindHandler@@YAXPAUEHExceptionRecord@@PAUEHRegistrationNode@@PAU_CONTEXT@@PAXPBU_s_FuncInfo@@EH1@Z 10066a20 f   LIBCMTD:frame.obj
 0001:00065f70       ?FindHandlerForForeignException@@YAXPAUEHExceptionRecord@@PAUEHRegistrationNode@@PAU_CONTEXT@@PAXPBU_s_FuncInfo@@HH1@Z 10066f70 f   LIBCMTD:frame.obj
 0001:000663a0       ?CatchIt@@YAXPAUEHExceptionRecord@@PAUEHRegistrationNode@@PAU_CONTEXT@@PAXPBU_s_FuncInfo@@PBU_s_HandlerType@@PBU_s_CatchableType@@PBU_s_TryBlockMapEntry@@H1E@Z 100673a0 f   LIBCMTD:frame.obj
 0001:00066460       ?CallCatchBlock@@YAPAXPAUEHExceptionRecord@@PAUEHRegistrationNode@@PAU_CONTEXT@@PBU_s_FuncInfo@@PAXHK@Z 10067460 f   LIBCMTD:frame.obj
 0001:000666f0       ?ExFilterRethrow@@YAHPAU_EXCEPTION_POINTERS@@@Z 100676f0 f   LIBCMTD:frame.obj
 0001:00067350       ?IsInExceptionSpec@@YAEPAUEHExceptionRecord@@PBU_s_ESTypeList@@@Z 10068350 f   LIBCMTD:frame.obj
 0001:00067410       ?CallUnexpected@@YAXPBU_s_ESTypeList@@@Z 10068410 f   LIBCMTD:frame.obj
 0001:0006745e       __catch$?CallUnexpected@@YAXPBU_s_ESTypeList@@@Z$0 1006845e f   LIBCMTD:frame.obj
 0001:000674a0       ?Is_bad_exception_allowed@@YAEPBU_s_ESTypeList@@@Z 100684a0 f   LIBCMTD:frame.obj
 0001:00067da0       ?__crtCompareStringA_stat@@YAHPAUlocaleinfo_struct@@KKPBDH1HH@Z 10068da0 f   LIBCMTD:a_cmp.obj
 0001:000682b0       ?strncnt@@YAHPBDH@Z        100692b0 f   LIBCMTD:a_cmp.obj
 0001:00068a70       _findenv                   10069a70 f   LIBCMTD:setenv.obj
 0001:00068af0       _copy_environ              10069af0 f   LIBCMTD:setenv.obj
 0001:0006cf70       _write_char                1006df70 f   LIBCMTD:outputp.obj
 0001:0006d010       _write_multi_char          1006e010 f   LIBCMTD:outputp.obj
 0001:0006d050       _write_string              1006e050 f   LIBCMTD:outputp.obj
 0001:0006e520       _write_char                1006f520 f   LIBCMTD:outputs.obj
 0001:0006e5c0       _write_multi_char          1006f5c0 f   LIBCMTD:outputs.obj
 0001:0006e600       _write_string              1006f600 f   LIBCMTD:outputs.obj
 0001:0006e9a0       ?x_ismbbtype_l@@YAHPAUlocaleinfo_struct@@IHH@Z 1006f9a0 f   LIBCMTD:ismbbyte.obj
 0001:0006f460       _xtoa_s@20                 10070460 f   LIBCMTD:xtoas.obj
 0001:0006f880       @x64toa_s@24               10070880 f   LIBCMTD:xtoas.obj
 0001:000700e0       ?wcsncnt@@YAIPB_WI@Z       100710e0 f   LIBCMTD:wcstombs.obj
 0001:00071320       _xtow_s@20                 10072320 f   LIBCMTD:xtows.obj
 0001:00071750       @x64tow_s@24               10072750 f   LIBCMTD:xtows.obj
 0001:00072be0       _write_char                10073be0 f   LIBCMTD:woutput.obj
 0001:00072c40       _write_multi_char          10073c40 f   LIBCMTD:woutput.obj
 0001:00072c80       _write_string              10073c80 f   LIBCMTD:woutput.obj
 0001:000743d0       __abstract_cw              100753d0 f   LIBCMTD:_ieee87_.obj
 0001:00074520       __hw_cw                    10075520 f   LIBCMTD:_ieee87_.obj
 0001:00074680       __abstract_sw              10075680 f   LIBCMTD:_ieee87_.obj
 0001:00074710       ___statusfp_sse2           10075710 f   LIBCMTD:_ieee87_.obj
 0001:00074730       ___clearfp_sse2            10075730 f   LIBCMTD:_ieee87_.obj
 0001:00074760       ___control87_sse2          10075760 f   LIBCMTD:_ieee87_.obj
 0001:000747e0       ___abstract_cw_sse2        100757e0 f   LIBCMTD:_ieee87_.obj
 0001:00074930       ___hw_cw_sse2              10075930 f   LIBCMTD:_ieee87_.obj
 0001:00074a80       ___abstract_sw_sse2        10075a80 f   LIBCMTD:_ieee87_.obj
 0001:00074b10       ___fpreset_sse2            10075b10 f   LIBCMTD:_ieee87_.obj
 0001:00076c70       ?__crtGetLocaleInfoW_stat@@YAHPAUlocaleinfo_struct@@KKPA_WHH@Z 10077c70 f   LIBCMTD:w_loc.obj
 0001:00076ce0       ?__crtGetLocaleInfoA_stat@@YAHPAUlocaleinfo_struct@@KKPADHH@Z 10077ce0 f   LIBCMTD:a_loc.obj
 0001:00077a70       ?__crtGetStringTypeW_stat@@YAHPAUlocaleinfo_struct@@KPB_WHPAGHH@Z 10078a70 f   LIBCMTD:w_str.obj
 0001:00079030       _write_char                1007a030 f   LIBCMTD:woutputs.obj
 0001:00079090       _write_multi_char          1007a090 f   LIBCMTD:woutputs.obj
 0001:000790d0       _write_string              1007a0d0 f   LIBCMTD:woutputs.obj
 0001:0007ca00       _write_char                1007da00 f   LIBCMTD:woutputp.obj
 0001:0007ca60       _write_multi_char          1007da60 f   LIBCMTD:woutputp.obj
 0001:0007caa0       _write_string              1007daa0 f   LIBCMTD:woutputp.obj
 0001:0007daf0       ?wcstoxl@@YAKPAUlocaleinfo_struct@@PB_WPAPB_WHH@Z 1007eaf0 f   LIBCMTD:wcstol.obj
 0001:00087870       ?und_strlen@@YAIPBD@Z      10088870 f   LIBCMTD:undname.obj
 0001:000878b0       ?und_memcpy@@YAXPADPBDI@Z  100888b0 f   LIBCMTD:undname.obj
 0001:000878f0       ?und_strncmp@@YAIPBD0I@Z   100888f0 f   LIBCMTD:undname.obj
 0001:00088010       __unwindfunclet$?strtoxq@@YA_KPAUlocaleinfo_struct@@PBDPAPBDHH@Z$0 10089010 f   LIBCMTD:strtoq.obj
 0001:00088018       __ehhandler$?strtoxq@@YA_KPAUlocaleinfo_struct@@PBDPAPBDHH@Z 10089018 f   LIBCMTD:strtoq.obj
 0001:00088040       __unwindfunclet$?strtoxl@@YAKPAUlocaleinfo_struct@@PBDPAPBDHH@Z$0 10089040 f   LIBCMTD:strtol.obj
 0001:00088048       __ehhandler$?strtoxl@@YAKPAUlocaleinfo_struct@@PBDPAPBDHH@Z 10089048 f   LIBCMTD:strtol.obj
 0001:00088070       __unwindfunclet$?getSystemCP@@YAHH@Z$0 10089070 f   LIBCMTD:mbctype.obj
 0001:00088078       __ehhandler$?getSystemCP@@YAHH@Z 10089078 f   LIBCMTD:mbctype.obj
 0001:000880a0       __ehhandler$?CallUnexpected@@YAXPBU_s_ESTypeList@@@Z 100890a0 f   LIBCMTD:frame.obj
 0001:000880c0       __unwindfunclet$?x_ismbbtype_l@@YAHPAUlocaleinfo_struct@@IHH@Z$0 100890c0 f   LIBCMTD:ismbbyte.obj
 0001:000880c8       __ehhandler$?x_ismbbtype_l@@YAHPAUlocaleinfo_struct@@IHH@Z 100890c8 f   LIBCMTD:ismbbyte.obj
 0001:000880f0       __unwindfunclet$?wcstoxl@@YAKPAUlocaleinfo_struct@@PB_WPAPB_WHH@Z$0 100890f0 f   LIBCMTD:wcstol.obj
 0001:000880f8       __ehhandler$?wcstoxl@@YAKPAUlocaleinfo_struct@@PB_WPAPB_WHH@Z 100890f8 f   LIBCMTD:wcstol.obj
 0001:00088120       __unwindfunclet$?make@DNameStatusNode@@SAPAV1@W4DNameStatus@@@Z$0 10089120 f   LIBCMTD:undname.obj
 0001:0008812e       __ehhandler$?make@DNameStatusNode@@SAPAV1@W4DNameStatus@@@Z 1008912e f   LIBCMTD:undname.obj
